ffmpeg version 9.0.1 Copyright (c) 2000-2026 the FFmpeg developers
  built with Apple clang version 21.0.0 (clang-2100.1.1.101)
  configuration: --prefix=/opt/homebrew/Cellar/ffmpeg/9.0.1_1 --enable-shared --enable-pthreads --enable-version3 --cc=clang --host-cflags= --host-ldflags= --enable-ffplay --enable-gpl --enable-libsvtav1 --enable-libopus --enable-libx264 --enable-libmp3lame --enable-libdav1d --enable-libvmaf --enable-libvpx --enable-libx265 --enable-openssl --enable-videotoolbox --enable-audiotoolbox --enable-neon
  libavutil      61.  1.101 / 61.  1.101
  libavcodec     63.  1.101 / 63.  1.101
  libavformat    63.  1.101 / 63.  1.101
  libavdevice    63.  1.101 / 63.  1.101
  libavfilter    12.  1.101 / 12.  1.101
  libswscale     10.  1.101 / 10.  1.101
  libswresample   7.  1.101 /  7.  1.101
Input #0, matroska,webm, from 'reference-review/heso-calibration-2026-10-03/dense-mobile.webm':
  Metadata:
    creation_time   : 2026-10-03T04:04:34.159000Z
    ENCODER         : Lavf61.1.100
  Duration: 00:00:52.84, start: 0.000000, bitrate: 777 kb/s
  Stream #0:0(eng): Video: vp8, yuv420p(progressive), 390x844, SAR 1:1 DAR 195:422, 25 fps, 25 tbr, 1k tbn (default)
    Metadata:
      ENCODER         : Lavc61.3.100 libvpx
      DURATION        : 00:00:52.840000000
Stream mapping:
  Stream #0:0 -> #0:0 (vp8 (native) -> h264 (libx264))
Press [q] to stop, [?] for help
[libx264 @ 0x79503ca80] using SAR=1/1
[libx264 @ 0x79503ca80] using cpu capabilities: ARMv8 NEON DotProd I8MM
[libx264 @ 0x79503ca80] profile High, level 3.0, 4:2:0, 8-bit
[libx264 @ 0x79503ca80] 264 - core 165 r3222 b35605a - H.264/MPEG-4 AVC codec - Copyleft 2003-2025 - http://www.videolan.org/x264.html - options: cabac=1 ref=2 deblock=1:0:0 analyse=0x3:0x113 me=hex subme=6 psy=1 psy_rd=1.00:0.00 mixed_ref=1 me_range=16 chroma_me=1 trellis=1 8x8dct=1 cqm=0 deadzone=21,11 fast_pskip=1 chroma_qp_offset=-2 threads=15 lookahead_threads=2 sliced_threads=0 nr=0 decimate=1 interlaced=0 bluray_compat=0 constrained_intra=0 bframes=3 b_pyramid=2 b_adapt=1 b_bias=0 direct=1 weightb=1 open_gop=0 weightp=1 keyint=250 keyint_min=25 scenecut=40 intra_refresh=0 rc_lookahead=30 rc=crf mbtree=1 crf=24.0 qcomp=0.60 qpmin=0 qpmax=69 qpstep=4 ip_ratio=1.40 aq=1:1.00
Output #0, mp4, to 'reference-review/heso-calibration-2026-10-03/dense-mobile.mp4':
  Metadata:
    encoder         : Lavf63.1.101
  Stream #0:0(eng): Video: h264 (avc1 / 0x31637661), yuv420p(tv, bt470bg/unknown/unknown, progressive), 390x844 [SAR 1:1 DAR 195:422], q=2-31, 25 fps, 12800 tbn (default)
    Metadata:
      encoder         : Lavc63.1.101 libx264
      DURATION        : 00:00:52.840000000
    Side data:
      CPB properties: bitrate max/min/avg: 0/0/0 buffer size: 0 vbv_delay: N/A
frame=  392 fps=0.0 q=29.0 size=     512KiB time=00:00:15.56 bitrate= 269.6kbits/s speed=31.1x elapsed=0:00:00.50    frame=  910 fps=908 q=29.0 size=    1536KiB time=00:00:36.32 bitrate= 346.5kbits/s speed=36.2x elapsed=0:00:01.00    [out#0/mp4 @ 0x795040240] video:1990KiB audio:0KiB subtitle:0KiB other streams:0KiB global headers:0KiB muxing overhead: 0.792010%
frame= 1321 fps=991 q=-1.0 Lsize=    2006KiB time=00:00:52.76 bitrate= 311.5kbits/s speed=39.6x elapsed=0:00:01.33    
[libx264 @ 0x79503ca80] frame I:9     Avg QP:12.12  size: 29040
[libx264 @ 0x79503ca80] frame P:360   Avg QP:18.55  size:  2279
[libx264 @ 0x79503ca80] frame B:952   Avg QP:21.86  size:  1004
[libx264 @ 0x79503ca80] consecutive B-frames:  1.7%  1.2% 15.9% 81.2%
[libx264 @ 0x79503ca80] mb I  I16..4: 73.7%  3.8% 22.6%
[libx264 @ 0x79503ca80] mb P  I16..4:  6.1%  0.4%  0.8%  P16..4:  9.5%  1.4%  1.6%  0.0%  0.0%    skip:80.2%
[libx264 @ 0x79503ca80] mb B  I16..4:  0.1%  0.0%  0.5%  B16..8:  1.8%  1.1%  0.6%  direct: 6.6%  skip:89.2%  L0:49.6% L1:44.1% BI: 6.4%
[libx264 @ 0x79503ca80] 8x8 transform intra:4.9% inter:16.4%
[libx264 @ 0x79503ca80] coded y,uvDC,uvAC intra: 23.5% 27.9% 26.2% inter: 1.9% 7.0% 1.5%
[libx264 @ 0x79503ca80] i16 v,h,dc,p: 89%  4%  7%  0%
[libx264 @ 0x79503ca80] i8 v,h,dc,ddl,ddr,vr,hd,vl,hu:  5% 13% 70%  1%  1%  1%  2%  1%  3%
[libx264 @ 0x79503ca80] i4 v,h,dc,ddl,ddr,vr,hd,vl,hu: 26% 40% 10%  2%  4%  4%  5%  3%  6%
[libx264 @ 0x79503ca80] i8c dc,h,v,p: 77% 16%  6%  1%
[libx264 @ 0x79503ca80] Weighted P-Frames: Y:0.0% UV:0.0%
[libx264 @ 0x79503ca80] ref P L0: 52.7% 47.3%
[libx264 @ 0x79503ca80] ref B L0: 66.5% 33.5%
[libx264 @ 0x79503ca80] ref B L1: 81.8% 18.2%
[libx264 @ 0x79503ca80] kb/s:308.45
