{"name":"base","power":0.23,"spawned":299,"start":2,"remain":0,"near":17,"road":41}
{"name":"base","power":0.24,"spawned":300,"start":5,"remain":0,"near":20,"road":39}
{"name":"base","power":0.25,"spawned":299,"start":2,"remain":0,"near":11,"road":23}
{"name":"road.55","power":0.23,"spawned":299,"start":3,"remain":0,"near":18,"road":37}
{"name":"road.55","power":0.24,"spawned":300,"start":2,"remain":0,"near":13,"road":37}
{"name":"road.55","power":0.25,"spawned":299,"start":1,"remain":0,"near":7,"road":26}
{"name":"road.7","power":0.23,"spawned":299,"start":3,"remain":0,"near":12,"road":39}
{"name":"road.7","power":0.24,"spawned":300,"start":3,"remain":0,"near":21,"road":42}
{"name":"road.7","power":0.25,"spawned":299,"start":1,"remain":0,"near":10,"road":24}
{"name":"road1","power":0.23,"spawned":299,"start":2,"remain":0,"near":17,"road":42}
{"name":"road1","power":0.24,"spawned":300,"start":3,"remain":0,"near":23,"road":44}
{"name":"road1","power":0.25,"spawned":299,"start":5,"remain":0,"near":12,"road":21}
{"name":"offset35","power":0.23,"spawned":293,"start":2,"remain":0,"near":30,"road":59}
{"name":"offset35","power":0.24,"spawned":299,"start":5,"remain":0,"near":20,"road":54}
{"name":"offset35","power":0.25,"spawned":300,"start":5,"remain":0,"near":21,"road":51}
{"name":"offset75","power":0.23,"spawned":299,"start":3,"remain":0,"near":17,"road":29}
{"name":"offset75","power":0.24,"spawned":300,"start":0,"remain":0,"near":0,"road":0}
{"name":"offset75","power":0.25,"spawned":300,"start":0,"remain":0,"near":0,"road":0}
{"name":"tolerance.02","power":0.23,"spawned":299,"start":6,"remain":0,"near":25,"road":49}
{"name":"tolerance.02","power":0.24,"spawned":300,"start":2,"remain":0,"near":9,"road":25}
{"name":"tolerance.02","power":0.25,"spawned":300,"start":2,"remain":0,"near":12,"road":26}
{"name":"upper.5","power":0.23,"spawned":299,"start":2,"remain":0,"near":17,"road":41}
{"name":"upper.5","power":0.24,"spawned":300,"start":5,"remain":0,"near":20,"road":39}
{"name":"upper.5","power":0.25,"spawned":299,"start":2,"remain":0,"near":11,"road":23}
