ffmpeg version 9.0.1 Copyright (c) 2000-2026 the FFmpeg developers
  built with Apple clang version 21.0.0 (clang-2100.1.1.101)
  configuration: --prefix=/opt/homebrew/Cellar/ffmpeg/9.0.1_1 --enable-shared --enable-pthreads --enable-version3 --cc=clang --host-cflags= --host-ldflags= --enable-ffplay --enable-gpl --enable-libsvtav1 --enable-libopus --enable-libx264 --enable-libmp3lame --enable-libdav1d --enable-libvmaf --enable-libvpx --enable-libx265 --enable-openssl --enable-videotoolbox --enable-audiotoolbox --enable-neon
  libavutil      61.  1.101 / 61.  1.101
  libavcodec     63.  1.101 / 63.  1.101
  libavformat    63.  1.101 / 63.  1.101
  libavdevice    63.  1.101 / 63.  1.101
  libavfilter    12.  1.101 / 12.  1.101
  libswscale     10.  1.101 / 10.  1.101
  libswresample   7.  1.101 /  7.  1.101
Input #0, matroska,webm, from 'reference-review/heso-calibration-2026-10-03/left-mobile.webm':
  Metadata:
    creation_time   : 2026-10-03T04:04:34.394000Z
    ENCODER         : Lavf61.1.100
  Duration: 00:02:37.16, start: 0.000000, bitrate: 438 kb/s
  Stream #0:0(eng): Video: vp8, yuv420p(progressive), 390x844, SAR 1:1 DAR 195:422, 25 fps, 25 tbr, 1k tbn (default)
    Metadata:
      ENCODER         : Lavc61.3.100 libvpx
      DURATION        : 00:02:37.160000000
Stream mapping:
  Stream #0:0 -> #0:0 (vp8 (native) -> h264 (libx264))
Press [q] to stop, [?] for help
[libx264 @ 0xb27020a80] using SAR=1/1
[libx264 @ 0xb27020a80] using cpu capabilities: ARMv8 NEON DotProd I8MM
[libx264 @ 0xb27020a80] profile High, level 3.0, 4:2:0, 8-bit
[libx264 @ 0xb27020a80] 264 - core 165 r3222 b35605a - H.264/MPEG-4 AVC codec - Copyleft 2003-2025 - http://www.videolan.org/x264.html - options: cabac=1 ref=2 deblock=1:0:0 analyse=0x3:0x113 me=hex subme=6 psy=1 psy_rd=1.00:0.00 mixed_ref=1 me_range=16 chroma_me=1 trellis=1 8x8dct=1 cqm=0 deadzone=21,11 fast_pskip=1 chroma_qp_offset=-2 threads=15 lookahead_threads=2 sliced_threads=0 nr=0 decimate=1 interlaced=0 bluray_compat=0 constrained_intra=0 bframes=3 b_pyramid=2 b_adapt=1 b_bias=0 direct=1 weightb=1 open_gop=0 weightp=1 keyint=250 keyint_min=25 scenecut=40 intra_refresh=0 rc_lookahead=30 rc=crf mbtree=1 crf=24.0 qcomp=0.60 qpmin=0 qpmax=69 qpstep=4 ip_ratio=1.40 aq=1:1.00
Output #0, mp4, to 'reference-review/heso-calibration-2026-10-03/left-mobile.mp4':
  Metadata:
    encoder         : Lavf63.1.101
  Stream #0:0(eng): Video: h264 (avc1 / 0x31637661), yuv420p(tv, bt470bg/unknown/unknown, progressive), 390x844 [SAR 1:1 DAR 195:422], q=2-31, 25 fps, 12800 tbn (default)
    Metadata:
      encoder         : Lavc63.1.101 libx264
      DURATION        : 00:02:37.160000000
    Side data:
      CPB properties: bitrate max/min/avg: 0/0/0 buffer size: 0 vbv_delay: N/A
frame=  897 fps=0.0 q=29.0 size=    1536KiB time=00:00:35.80 bitrate= 351.5kbits/s speed=70.2x elapsed=0:00:00.51    frame= 2023 fps=1983 q=29.0 size=    2304KiB time=00:01:20.84 bitrate= 233.5kbits/s speed=79.2x elapsed=0:00:01.02    frame= 2736 fps=1793 q=29.0 size=    2816KiB time=00:01:49.36 bitrate= 210.9kbits/s speed=71.7x elapsed=0:00:01.52    frame= 3382 fps=1666 q=29.0 size=    3072KiB time=00:02:15.20 bitrate= 186.1kbits/s speed=66.6x elapsed=0:00:02.02    [out#0/mp4 @ 0xb27024240] video:3511KiB audio:0KiB subtitle:0KiB other streams:0KiB global headers:0KiB muxing overhead: 1.319701%
frame= 3929 fps=1653 q=-1.0 Lsize=    3558KiB time=00:02:37.08 bitrate= 185.5kbits/s speed=66.1x elapsed=0:00:02.37    
[libx264 @ 0xb27020a80] frame I:21    Avg QP:13.18  size: 41721
[libx264 @ 0xb27020a80] frame P:1032  Avg QP:21.63  size:  1627
[libx264 @ 0xb27020a80] frame B:2876  Avg QP:27.56  size:   362
[libx264 @ 0xb27020a80] consecutive B-frames:  1.7%  0.9%  3.7% 93.7%
[libx264 @ 0xb27020a80] mb I  I16..4: 58.5% 14.0% 27.4%
[libx264 @ 0xb27020a80] mb P  I16..4:  1.2%  1.7%  0.3%  P16..4:  7.9%  0.8%  0.8%  0.0%  0.0%    skip:87.2%
[libx264 @ 0xb27020a80] mb B  I16..4:  0.4%  0.0%  0.1%  B16..8:  1.4%  0.3%  0.1%  direct: 1.8%  skip:95.8%  L0:48.0% L1:43.1% BI: 8.9%
[libx264 @ 0xb27020a80] 8x8 transform intra:31.1% inter:19.8%
[libx264 @ 0xb27020a80] coded y,uvDC,uvAC intra: 17.4% 25.1% 20.6% inter: 1.1% 2.5% 0.7%
[libx264 @ 0xb27020a80] i16 v,h,dc,p: 81% 15%  4%  0%
[libx264 @ 0xb27020a80] i8 v,h,dc,ddl,ddr,vr,hd,vl,hu: 11% 20% 66%  1%  0%  0%  1%  1%  1%
[libx264 @ 0xb27020a80] i4 v,h,dc,ddl,ddr,vr,hd,vl,hu: 25% 31% 16%  4%  4%  4%  5%  4%  6%
[libx264 @ 0xb27020a80] i8c dc,h,v,p: 70% 16% 13%  2%
[libx264 @ 0xb27020a80] Weighted P-Frames: Y:0.9% UV:0.4%
[libx264 @ 0xb27020a80] ref P L0: 60.5% 39.5%
[libx264 @ 0xb27020a80] ref B L0: 79.2% 20.8%
[libx264 @ 0xb27020a80] ref B L1: 87.2% 12.8%
[libx264 @ 0xb27020a80] kb/s:183.00
