ffmpeg version 9.0.1 Copyright (c) 2000-2026 the FFmpeg developers
  built with Apple clang version 21.0.0 (clang-2100.1.1.101)
  configuration: --prefix=/opt/homebrew/Cellar/ffmpeg/9.0.1_1 --enable-shared --enable-pthreads --enable-version3 --cc=clang --host-cflags= --host-ldflags= --enable-ffplay --enable-gpl --enable-libsvtav1 --enable-libopus --enable-libx264 --enable-libmp3lame --enable-libdav1d --enable-libvmaf --enable-libvpx --enable-libx265 --enable-openssl --enable-videotoolbox --enable-audiotoolbox --enable-neon
  libavutil      61.  1.101 / 61.  1.101
  libavcodec     63.  1.101 / 63.  1.101
  libavformat    63.  1.101 / 63.  1.101
  libavdevice    63.  1.101 / 63.  1.101
  libavfilter    12.  1.101 / 12.  1.101
  libswscale     10.  1.101 / 10.  1.101
  libswresample   7.  1.101 /  7.  1.101
Input #0, matroska,webm, from 'reference-review/heso-calibration-2026-10-03/rush-mobile.webm':
  Metadata:
    creation_time   : 2026-10-03T04:04:33.723000Z
    ENCODER         : Lavf61.1.100
  Duration: 00:02:54.44, start: 0.000000, bitrate: 389 kb/s
  Stream #0:0(eng): Video: vp8, yuv420p(progressive), 390x844, SAR 1:1 DAR 195:422, 25 fps, 25 tbr, 1k tbn (default)
    Metadata:
      ENCODER         : Lavc61.3.100 libvpx
      DURATION        : 00:02:54.440000000
Stream mapping:
  Stream #0:0 -> #0:0 (vp8 (native) -> h264 (libx264))
Press [q] to stop, [?] for help
[libx264 @ 0xb40c50a80] using SAR=1/1
[libx264 @ 0xb40c50a80] using cpu capabilities: ARMv8 NEON DotProd I8MM
[libx264 @ 0xb40c50a80] profile High, level 3.0, 4:2:0, 8-bit
[libx264 @ 0xb40c50a80] 264 - core 165 r3222 b35605a - H.264/MPEG-4 AVC codec - Copyleft 2003-2025 - http://www.videolan.org/x264.html - options: cabac=1 ref=2 deblock=1:0:0 analyse=0x3:0x113 me=hex subme=6 psy=1 psy_rd=1.00:0.00 mixed_ref=1 me_range=16 chroma_me=1 trellis=1 8x8dct=1 cqm=0 deadzone=21,11 fast_pskip=1 chroma_qp_offset=-2 threads=15 lookahead_threads=2 sliced_threads=0 nr=0 decimate=1 interlaced=0 bluray_compat=0 constrained_intra=0 bframes=3 b_pyramid=2 b_adapt=1 b_bias=0 direct=1 weightb=1 open_gop=0 weightp=1 keyint=250 keyint_min=25 scenecut=40 intra_refresh=0 rc_lookahead=30 rc=crf mbtree=1 crf=24.0 qcomp=0.60 qpmin=0 qpmax=69 qpstep=4 ip_ratio=1.40 aq=1:1.00
Output #0, mp4, to 'reference-review/heso-calibration-2026-10-03/rush-mobile.mp4':
  Metadata:
    encoder         : Lavf63.1.101
  Stream #0:0(eng): Video: h264 (avc1 / 0x31637661), yuv420p(tv, bt470bg/unknown/unknown, progressive), 390x844 [SAR 1:1 DAR 195:422], q=2-31, 25 fps, 12800 tbn (default)
    Metadata:
      encoder         : Lavc63.1.101 libx264
      DURATION        : 00:02:54.440000000
    Side data:
      CPB properties: bitrate max/min/avg: 0/0/0 buffer size: 0 vbv_delay: N/A
frame=  509 fps=0.0 q=29.0 size=    1280KiB time=00:00:20.28 bitrate= 517.1kbits/s speed=39.8x elapsed=0:00:00.51    frame= 1210 fps=1192 q=29.0 size=    1536KiB time=00:00:48.32 bitrate= 260.4kbits/s speed=47.6x elapsed=0:00:01.01    frame= 2240 fps=1479 q=29.0 size=    2048KiB time=00:01:29.52 bitrate= 187.4kbits/s speed=59.1x elapsed=0:00:01.51    frame= 3380 fps=1676 q=29.0 size=    2816KiB time=00:02:15.20 bitrate= 170.6kbits/s speed=  67x elapsed=0:00:02.01    [out#0/mp4 @ 0xb41020240] video:3255KiB audio:0KiB subtitle:0KiB other streams:0KiB global headers:0KiB muxing overhead: 1.585758%
frame= 4361 fps=1801 q=-1.0 Lsize=    3306KiB time=00:02:54.36 bitrate= 155.3kbits/s speed=  72x elapsed=0:00:02.42    
[libx264 @ 0xb40c50a80] frame I:23    Avg QP:13.70  size: 38613
[libx264 @ 0xb40c50a80] frame P:1139  Avg QP:22.01  size:  1445
[libx264 @ 0xb40c50a80] frame B:3199  Avg QP:28.02  size:   250
[libx264 @ 0xb40c50a80] consecutive B-frames:  1.8%  0.9%  1.2% 96.1%
[libx264 @ 0xb40c50a80] mb I  I16..4: 49.5% 24.3% 26.2%
[libx264 @ 0xb40c50a80] mb P  I16..4:  1.0%  2.1%  0.4%  P16..4:  7.8%  0.6%  0.6%  0.0%  0.0%    skip:87.6%
[libx264 @ 0xb40c50a80] mb B  I16..4:  0.4%  0.1%  0.0%  B16..8:  1.0%  0.3%  0.1%  direct: 1.7%  skip:96.5%  L0:46.7% L1:41.6% BI:11.7%
[libx264 @ 0xb40c50a80] 8x8 transform intra:40.8% inter:33.3%
[libx264 @ 0xb40c50a80] coded y,uvDC,uvAC intra: 16.6% 25.0% 19.6% inter: 1.1% 2.4% 0.5%
[libx264 @ 0xb40c50a80] i16 v,h,dc,p: 80% 16%  4%  0%
[libx264 @ 0xb40c50a80] i8 v,h,dc,ddl,ddr,vr,hd,vl,hu: 10% 25% 61%  1%  1%  1%  1%  0%  1%
[libx264 @ 0xb40c50a80] i4 v,h,dc,ddl,ddr,vr,hd,vl,hu: 26% 27% 18%  4%  4%  4%  6%  5%  6%
[libx264 @ 0xb40c50a80] i8c dc,h,v,p: 70% 15% 14%  2%
[libx264 @ 0xb40c50a80] Weighted P-Frames: Y:0.3% UV:0.2%
[libx264 @ 0xb40c50a80] ref P L0: 62.7% 37.3%
[libx264 @ 0xb40c50a80] ref B L0: 83.1% 16.9%
[libx264 @ 0xb40c50a80] ref B L1: 89.0% 11.0%
[libx264 @ 0xb40c50a80] kb/s:152.82
