
> tsukikage-pachinko@0.1.0 build
> vite build

vite v8.3.0 building client environment for production...
transforming...
[plugin rolldown:vite-resolve] Module "node:worker_threads" has been externalized for browser compatibility, imported by "/Users/sintaro.katuta/dev/silverball-chronicles/prototype/node_modules/playcanvas/build/playcanvas/src/framework/parsers/draco-worker.js". See https://vite.dev/guide/troubleshooting.html#module-externalized-for-browser-compatibility for more details.
[plugin rolldown:vite-resolve] Module "node:worker_threads" has been externalized for browser compatibility, imported by "/Users/sintaro.katuta/dev/silverball-chronicles/prototype/node_modules/playcanvas/build/playcanvas/src/scene/gsplat/gsplat-sort-worker.js". See https://vite.dev/guide/troubleshooting.html#module-externalized-for-browser-compatibility for more details.
[plugin rolldown:vite-resolve] Module "node:worker_threads" has been externalized for browser compatibility, imported by "/Users/sintaro.katuta/dev/silverball-chronicles/prototype/node_modules/playcanvas/build/playcanvas/src/scene/gsplat-unified/gsplat-unified-sort-worker.js". See https://vite.dev/guide/troubleshooting.html#module-externalized-for-browser-compatibility for more details.
✓ 2078 modules transformed.
rendering chunks...
computing gzip size...
dist/yozora.html                                                0.73 kB │ gzip:   0.45 kB
dist/index.html                                                 2.21 kB │ gzip:   0.72 kB
dist/resin-pixi.html                                            2.36 kB │ gzip:   1.16 kB
dist/launcher-pixi.html                                         2.58 kB │ gzip:   1.15 kB
dist/windmill-pixi.html                                         2.76 kB │ gzip:   1.27 kB
dist/parts.html                                                 2.78 kB │ gzip:   1.45 kB
dist/normal-pocket-pixi.html                                    2.84 kB │ gzip:   1.28 kB
dist/outlet-pixi.html                                           2.85 kB │ gzip:   1.34 kB
dist/central-start-pixi.html                                    2.86 kB │ gzip:   1.30 kB
dist/pins-pixi.html                                             2.90 kB │ gzip:   1.32 kB
dist/attacker-pixi.html                                         2.95 kB │ gzip:   1.38 kB
dist/right-start-pixi.html                                      3.21 kB │ gzip:   1.42 kB
dist/board-pixi.html                                            3.76 kB │ gzip:   1.49 kB
dist/lcd-pixi.html                                              4.97 kB │ gzip:   2.04 kB
dist/lcd-play.html                                              5.12 kB │ gzip:   2.12 kB
dist/lcd-reach.html                                             5.17 kB │ gzip:   2.15 kB
dist/lcd-win.html                                               5.19 kB │ gzip:   2.17 kB
dist/lcd-bonus.html                                             5.33 kB │ gzip:   2.22 kB
dist/lcd-rush.html                                              5.49 kB │ gzip:   2.33 kB
dist/lcd-rush-win.html                                          5.55 kB │ gzip:   2.35 kB
dist/sao-unity.html                                            10.04 kB │ gzip:   4.75 kB
dist/assets/dotgothic16-latin-400-normal-BYJEY5oh.woff2        10.50 kB
dist/assets/dotgothic16-latin-400-normal-cp5t3xa_.woff         15.54 kB
dist/assets/dotgothic16-japanese-400-normal-DqORjlTR.woff2    396.31 kB
dist/assets/dotgothic16-japanese-400-normal-f9lPNYbv.woff     593.12 kB
dist/assets/latin-400-CUVgHLkz.css                              0.47 kB │ gzip:   0.20 kB
dist/assets/attacker-preview-cR3Iz5BR.css                       1.34 kB │ gzip:   0.68 kB
dist/assets/yozora-CHvN0svf.css                                 6.56 kB │ gzip:   2.49 kB
dist/assets/game-CLco0ce-.css                                  24.17 kB │ gzip:   5.46 kB
dist/assets/webworkerAll-DQ8uhNFR.js                            0.05 kB │ gzip:   0.06 kB
dist/assets/BitmapFont-DiPYvswi.js                              0.06 kB │ gzip:   0.07 kB
dist/assets/WebGLRenderer-CKu29Z3l.js                           0.07 kB │ gzip:   0.07 kB
dist/assets/CanvasRenderer-z3qkaea-.js                          0.07 kB │ gzip:   0.08 kB
dist/assets/WebGPURenderer-VmZ5XvxN.js                          0.07 kB │ gzip:   0.08 kB
dist/assets/board-preview-DcwaRzEr.js                           0.19 kB │ gzip:   0.16 kB
dist/assets/getTextureBatchBindGroup-ClwE7Dfn.js                0.34 kB │ gzip:   0.26 kB
dist/assets/pin-texture-Cy1CQ7R9.js                             0.43 kB │ gzip:   0.29 kB
dist/assets/rolldown-runtime-CbXtAM7H.js                        0.58 kB │ gzip:   0.36 kB
dist/assets/Cache-BBN9g3ey.js                                   1.10 kB │ gzip:   0.55 kB
dist/assets/resin-guide-art-CKYiJDeu.js                         1.23 kB │ gzip:   0.62 kB
dist/assets/preload-helper-BKrSQD1R.js                          1.89 kB │ gzip:   0.95 kB
dist/assets/resinPixi-r5zygLIR.js                               2.15 kB │ gzip:   1.24 kB
dist/assets/pinsPixi-Duby0428.js                                2.77 kB │ gzip:   1.53 kB
dist/assets/launcherPixi-2WG1jlW5.js                            2.97 kB │ gzip:   1.56 kB
dist/assets/attackerPixi-CaGzNm1G.js                            3.05 kB │ gzip:   1.64 kB
dist/assets/windmillPixi-DDGm4j9p.js                            3.36 kB │ gzip:   1.84 kB
dist/assets/centralStartPixi-BmRUNvrC.js                        3.52 kB │ gzip:   1.83 kB
dist/assets/normalPocketPixi-OFbAMCRz.js                        3.55 kB │ gzip:   1.85 kB
dist/assets/outletPixi-DV-J9CFl.js                              3.83 kB │ gzip:   1.97 kB
dist/assets/cinematic-coBFTJHF.js                               5.17 kB │ gzip:   2.43 kB
dist/assets/canvasUtils-DpSIcrGb.js                             6.05 kB │ gzip:   2.04 kB
dist/assets/rightStartPixi-CS4xwPCO.js                          6.13 kB │ gzip:   3.05 kB
dist/assets/latin-400-ggvwQIaP.js                               7.20 kB │ gzip:   2.86 kB
dist/assets/attacker-view-qVMySUfb.js                           9.56 kB │ gzip:   3.95 kB
dist/assets/BufferResource-Bo_TzzE7.js                         11.06 kB │ gzip:   2.84 kB
dist/assets/part-flow-fixture-CPHlZ7iQ.js                      13.23 kB │ gzip:   5.64 kB
dist/assets/init-CrrUiYqK.js                                   15.75 kB │ gzip:   4.92 kB
dist/assets/GCManagedHash-B7Ct_LAk.js                          19.35 kB │ gzip:   6.29 kB
dist/assets/yozora-DkLCTLj9.js                                 19.74 kB │ gzip:   8.59 kB
dist/assets/init-YpJCCTbm.js                                   23.78 kB │ gzip:   8.22 kB
dist/assets/Assets-EolQdAu8.js                                 26.25 kB │ gzip:   9.14 kB
dist/assets/CanvasRenderer-BA2ujdrp.js                         27.11 kB │ gzip:   7.92 kB
dist/assets/parts-Bled0DkY.js                                  30.10 kB │ gzip:  11.52 kB
dist/assets/BitmapFont-4pgOOTtJ.js                             33.36 kB │ gzip:  11.13 kB
dist/assets/game-BvCpX_rK.js                                   35.39 kB │ gzip:  13.56 kB
dist/assets/right-start-view-cwWT6N1h.js                       37.41 kB │ gzip:  13.31 kB
dist/assets/Filter-2ZHA6JyW.js                                 42.00 kB │ gzip:  12.03 kB
dist/assets/browserAll-BFikGLkO.js                             42.67 kB │ gzip:  11.16 kB
dist/assets/WebGPURenderer-CPEWURuB.js                         47.96 kB │ gzip:  13.79 kB
dist/assets/RenderTargetSystem-K36VzrUb.js                     58.77 kB │ gzip:  16.44 kB
dist/assets/GraphicsContext-Zw69cK8z.js                        61.70 kB │ gzip:  20.60 kB
dist/assets/CanvasPool-DrVkpTbP.js                             67.80 kB │ gzip:  22.13 kB
dist/assets/WebGLRenderer-CYSUGwIQ.js                          71.73 kB │ gzip:  19.51 kB
dist/assets/board-runtime-CjCPB80Q.js                          82.74 kB │ gzip:  32.24 kB
dist/assets/runtime-D3LoQnaR.js                             1,947.75 kB │ gzip: 496.84 kB

✓ built in 754ms
[plugin builtin:vite-reporter] 
(!) Some chunks are larger than 500 kB after minification. Consider:
- Using dynamic import() to code-split the application
- Use build.rolldownOptions.output.codeSplitting to improve chunking: https://rolldown.rs/reference/OutputOptions.codeSplitting
- Adjust chunk size limit for this warning via build.chunkSizeWarningLimit.
