ffmpeg version 9.0.1 Copyright (c) 2000-2026 the FFmpeg developers
  built with Apple clang version 21.0.0 (clang-2100.1.1.101)
  configuration: --prefix=/opt/homebrew/Cellar/ffmpeg/9.0.1_1 --enable-shared --enable-pthreads --enable-version3 --cc=clang --host-cflags= --host-ldflags= --enable-ffplay --enable-gpl --enable-libsvtav1 --enable-libopus --enable-libx264 --enable-libmp3lame --enable-libdav1d --enable-libvmaf --enable-libvpx --enable-libx265 --enable-openssl --enable-videotoolbox --enable-audiotoolbox --enable-neon
  libavutil      61.  1.101 / 61.  1.101
  libavcodec     63.  1.101 / 63.  1.101
  libavformat    63.  1.101 / 63.  1.101
  libavdevice    63.  1.101 / 63.  1.101
  libavfilter    12.  1.101 / 12.  1.101
  libswscale     10.  1.101 / 10.  1.101
  libswresample   7.  1.101 /  7.  1.101
Input #0, matroska,webm, from 'reference-review/view-switch-2026-10-03/page@1678e49f0519fc8e58a850bcacc885cb.webm':
  Metadata:
    creation_time   : 2026-10-03T01:12:58.966000Z
    ENCODER         : Lavf61.1.100
  Duration: 00:04:08.64, start: 0.000000, bitrate: 681 kb/s
  Stream #0:0(eng): Video: vp8, yuv420p(progressive), 390x844, SAR 1:1 DAR 195:422, 25 fps, 25 tbr, 1k tbn (default)
    Metadata:
      ENCODER         : Lavc61.3.100 libvpx
      DURATION        : 00:04:08.640000000
Stream mapping:
  Stream #0:0 -> #0:0 (vp8 (native) -> h264 (libx264))
Press [q] to stop, [?] for help
[libx264 @ 0x72cc4ca80] using SAR=1/1
[libx264 @ 0x72cc4ca80] using cpu capabilities: ARMv8 NEON DotProd I8MM
[libx264 @ 0x72cc4ca80] profile High, level 3.0, 4:2:0, 8-bit
[libx264 @ 0x72cc4ca80] 264 - core 165 r3222 b35605a - H.264/MPEG-4 AVC codec - Copyleft 2003-2025 - http://www.videolan.org/x264.html - options: cabac=1 ref=3 deblock=1:0:0 analyse=0x3:0x113 me=hex subme=7 psy=1 psy_rd=1.00:0.00 mixed_ref=1 me_range=16 chroma_me=1 trellis=1 8x8dct=1 cqm=0 deadzone=21,11 fast_pskip=1 chroma_qp_offset=-2 threads=15 lookahead_threads=2 sliced_threads=0 nr=0 decimate=1 interlaced=0 bluray_compat=0 constrained_intra=0 bframes=3 b_pyramid=2 b_adapt=1 b_bias=0 direct=1 weightb=1 open_gop=0 weightp=2 keyint=250 keyint_min=25 scenecut=40 intra_refresh=0 rc_lookahead=40 rc=crf mbtree=1 crf=23.0 qcomp=0.60 qpmin=0 qpmax=69 qpstep=4 ip_ratio=1.40 aq=1:1.00
Output #0, mp4, to 'reference-review/view-switch-2026-10-03/views-rush-mobile.mp4':
  Metadata:
    encoder         : Lavf63.1.101
  Stream #0:0(eng): Video: h264 (avc1 / 0x31637661), yuv420p(tv, bt470bg/unknown/unknown, progressive), 390x844 [SAR 1:1 DAR 195:422], q=2-31, 25 fps, 12800 tbn (default)
    Metadata:
      encoder         : Lavc63.1.101 libx264
      DURATION        : 00:04:08.640000000
    Side data:
      CPB properties: bitrate max/min/avg: 0/0/0 buffer size: 0 vbv_delay: N/A
frame=  672 fps=0.0 q=28.0 size=    1792KiB time=00:00:26.80 bitrate= 547.8kbits/s speed=53.1x elapsed=0:00:00.50    frame= 1636 fps=1613 q=28.0 size=    2816KiB time=00:01:05.36 bitrate= 353.0kbits/s speed=64.4x elapsed=0:00:01.01    frame= 2479 fps=1632 q=28.0 size=    3840KiB time=00:01:39.08 bitrate= 317.5kbits/s speed=65.2x elapsed=0:00:01.51    frame= 3457 fps=1707 q=28.0 size=    4864KiB time=00:02:18.20 bitrate= 288.3kbits/s speed=68.2x elapsed=0:00:02.02    frame= 4396 fps=1739 q=28.0 size=    5888KiB time=00:02:55.76 bitrate= 274.4kbits/s speed=69.5x elapsed=0:00:02.52    frame= 5106 fps=1686 q=28.0 size=    7680KiB time=00:03:24.16 bitrate= 308.2kbits/s speed=67.4x elapsed=0:00:03.02    frame= 5872 fps=1659 q=28.0 size=    9472KiB time=00:03:54.80 bitrate= 330.5kbits/s speed=66.4x elapsed=0:00:03.53    [out#0/mp4 @ 0x72d018300] video:10492KiB audio:0KiB subtitle:0KiB other streams:0KiB global headers:0KiB muxing overhead: 0.688361%
frame= 6216 fps=1655 q=-1.0 Lsize=   10564KiB time=00:04:08.56 bitrate= 348.2kbits/s speed=66.2x elapsed=0:00:03.75    
[libx264 @ 0x72cc4ca80] frame I:85    Avg QP:13.19  size: 43527
[libx264 @ 0x72cc4ca80] frame P:1779  Avg QP:21.08  size:  2769
[libx264 @ 0x72cc4ca80] frame B:4352  Avg QP:30.59  size:   487
[libx264 @ 0x72cc4ca80] consecutive B-frames:  4.2%  4.7%  7.5% 83.5%
[libx264 @ 0x72cc4ca80] mb I  I16..4: 48.4% 15.0% 36.6%
[libx264 @ 0x72cc4ca80] mb P  I16..4:  1.2%  1.8%  0.7%  P16..4: 11.2%  1.2%  1.5%  0.0%  0.0%    skip:82.4%
[libx264 @ 0x72cc4ca80] mb B  I16..4:  0.1%  0.1%  0.2%  B16..8:  4.6%  0.5%  0.3%  direct: 1.0%  skip:93.3%  L0:32.1% L1:65.1% BI: 2.8%
[libx264 @ 0x72cc4ca80] 8x8 transform intra:30.1% inter:36.2%
[libx264 @ 0x72cc4ca80] coded y,uvDC,uvAC intra: 29.4% 40.1% 36.0% inter: 2.2% 3.7% 1.8%
[libx264 @ 0x72cc4ca80] i16 v,h,dc,p: 78% 19%  3%  0%
[libx264 @ 0x72cc4ca80] i8 v,h,dc,ddl,ddr,vr,hd,vl,hu: 18% 18% 61%  0%  0%  0%  1%  0%  1%
[libx264 @ 0x72cc4ca80] i4 v,h,dc,ddl,ddr,vr,hd,vl,hu: 25% 33% 17%  4%  4%  4%  5%  4%  5%
[libx264 @ 0x72cc4ca80] i8c dc,h,v,p: 61% 22% 15%  2%
[libx264 @ 0x72cc4ca80] Weighted P-Frames: Y:0.7% UV:0.4%
[libx264 @ 0x72cc4ca80] ref P L0: 72.5% 10.5% 12.1%  4.8%  0.0%
[libx264 @ 0x72cc4ca80] ref B L0: 80.5% 16.0%  3.5%
[libx264 @ 0x72cc4ca80] ref B L1: 89.2% 10.8%
[libx264 @ 0x72cc4ca80] kb/s:345.65
