ffmpeg version 9.0.1 Copyright (c) 2000-2026 the FFmpeg developers
  built with Apple clang version 21.0.0 (clang-2100.1.1.101)
  configuration: --prefix=/opt/homebrew/Cellar/ffmpeg/9.0.1_1 --enable-shared --enable-pthreads --enable-version3 --cc=clang --host-cflags= --host-ldflags= --enable-ffplay --enable-gpl --enable-libsvtav1 --enable-libopus --enable-libx264 --enable-libmp3lame --enable-libdav1d --enable-libvmaf --enable-libvpx --enable-libx265 --enable-openssl --enable-videotoolbox --enable-audiotoolbox --enable-neon
  libavutil      61.  1.101 / 61.  1.101
  libavcodec     63.  1.101 / 63.  1.101
  libavformat    63.  1.101 / 63.  1.101
  libavdevice    63.  1.101 / 63.  1.101
  libavfilter    12.  1.101 / 12.  1.101
  libswscale     10.  1.101 / 10.  1.101
  libswresample   7.  1.101 /  7.  1.101
Input #0, matroska,webm, from 'reference-review/intro-zoom-2026-10-03/page@9cc98e4f5eee3ead1eb64f80ccfa582f.webm':
  Metadata:
    creation_time   : 2026-10-03T00:51:30.071000Z
    ENCODER         : Lavf61.1.100
  Duration: 00:00:08.48, start: 0.000000, bitrate: 760 kb/s
  Stream #0:0(eng): Video: vp8, yuv420p(progressive), 390x844, SAR 1:1 DAR 195:422, 25 fps, 25 tbr, 1k tbn (default)
    Metadata:
      ENCODER         : Lavc61.3.100 libvpx
      DURATION        : 00:00:08.480000000
Stream mapping:
  Stream #0:0 -> #0:0 (vp8 (native) -> h264 (libx264))
Press [q] to stop, [?] for help
[libx264 @ 0xac5024a80] using SAR=1/1
[libx264 @ 0xac5024a80] using cpu capabilities: ARMv8 NEON DotProd I8MM
[libx264 @ 0xac5024a80] profile High, level 3.0, 4:2:0, 8-bit
[libx264 @ 0xac5024a80] 264 - core 165 r3222 b35605a - H.264/MPEG-4 AVC codec - Copyleft 2003-2025 - http://www.videolan.org/x264.html - options: cabac=1 ref=3 deblock=1:0:0 analyse=0x3:0x113 me=hex subme=7 psy=1 psy_rd=1.00:0.00 mixed_ref=1 me_range=16 chroma_me=1 trellis=1 8x8dct=1 cqm=0 deadzone=21,11 fast_pskip=1 chroma_qp_offset=-2 threads=15 lookahead_threads=2 sliced_threads=0 nr=0 decimate=1 interlaced=0 bluray_compat=0 constrained_intra=0 bframes=3 b_pyramid=2 b_adapt=1 b_bias=0 direct=1 weightb=1 open_gop=0 weightp=2 keyint=250 keyint_min=25 scenecut=40 intra_refresh=0 rc_lookahead=40 rc=crf mbtree=1 crf=23.0 qcomp=0.60 qpmin=0 qpmax=69 qpstep=4 ip_ratio=1.40 aq=1:1.00
Output #0, mp4, to 'reference-review/intro-zoom-2026-10-03/intro-mobile.mp4':
  Metadata:
    encoder         : Lavf63.1.101
  Stream #0:0(eng): Video: h264 (avc1 / 0x31637661), yuv420p(tv, bt470bg/unknown/unknown, progressive), 390x844 [SAR 1:1 DAR 195:422], q=2-31, 25 fps, 12800 tbn (default)
    Metadata:
      encoder         : Lavc63.1.101 libx264
      DURATION        : 00:00:08.480000000
    Side data:
      CPB properties: bitrate max/min/avg: 0/0/0 buffer size: 0 vbv_delay: N/A
[out#0/mp4 @ 0xac5018300] video:985KiB audio:0KiB subtitle:0KiB other streams:0KiB global headers:0KiB muxing overhead: 0.302968%
frame=  212 fps=0.0 q=-1.0 Lsize=     988KiB time=00:00:08.40 bitrate= 963.9kbits/s speed=34.9x elapsed=0:00:00.24    
[libx264 @ 0xac5024a80] frame I:5     Avg QP:13.11  size:  9162
[libx264 @ 0xac5024a80] frame P:90    Avg QP:18.68  size:  7183
[libx264 @ 0xac5024a80] frame B:117   Avg QP:20.42  size:  2701
[libx264 @ 0xac5024a80] consecutive B-frames: 22.2%  9.4%  9.9% 58.5%
[libx264 @ 0xac5024a80] mb I  I16..4: 83.2%  9.9%  6.9%
[libx264 @ 0xac5024a80] mb P  I16..4: 13.1%  8.5%  2.5%  P16..4: 17.6%  3.4%  3.3%  0.0%  0.0%    skip:51.5%
[libx264 @ 0xac5024a80] mb B  I16..4:  1.0%  0.3%  0.4%  B16..8: 10.2%  3.0%  1.1%  direct:11.7%  skip:72.4%  L0:52.6% L1:31.7% BI:15.7%
[libx264 @ 0xac5024a80] 8x8 transform intra:29.7% inter:14.9%
[libx264 @ 0xac5024a80] coded y,uvDC,uvAC intra: 10.4% 16.3% 11.0% inter: 10.2% 15.8% 4.4%
[libx264 @ 0xac5024a80] i16 v,h,dc,p: 84% 10%  5%  0%
[libx264 @ 0xac5024a80] i8 v,h,dc,ddl,ddr,vr,hd,vl,hu: 17% 19% 61%  0%  0%  0%  0%  0%  1%
[libx264 @ 0xac5024a80] i4 v,h,dc,ddl,ddr,vr,hd,vl,hu: 30% 30% 17%  3%  4%  4%  4%  3%  4%
[libx264 @ 0xac5024a80] i8c dc,h,v,p: 77% 10% 12%  1%
[libx264 @ 0xac5024a80] Weighted P-Frames: Y:6.7% UV:3.3%
[libx264 @ 0xac5024a80] ref P L0: 79.9% 11.3%  7.1%  1.8%  0.0%
[libx264 @ 0xac5024a80] ref B L0: 91.6%  7.0%  1.3%
[libx264 @ 0xac5024a80] ref B L1: 97.4%  2.6%
[libx264 @ 0xac5024a80] kb/s:951.25
