✔ zero stock keeps pending electric and V processing alive (2.702167ms)
✔ normal holds retain IDs, lottery rolls, and kind across normal win into RUSH (4.188958ms)
✔ individual 1500 bonuses retain RUSH and the shared 3000 display plan (1.291042ms)
✔ pause freezes physical and control clocks; stop feed does not pause processing (5.690208ms)
✔ normal symbol and charge are separate outcomes; entry waits for explicit policy (2.216708ms)
✔ 130 misses consume fuzu draws, not electric admissions; no separate end roll (0.567583ms)
✔ success at draw 130 keeps electric opportunity; V required and 3000 is two bonuses (2.398083ms)
✔ physical capture counted once, closed inlets reject, timeout never fills missing balls (0.20125ms)
✔ tokuzu1 holds are four and full holds do not suppress inlet prize (0.165166ms)
✔ unknown fuzu storage does not invent capacity; no old pity or boosted prize (0.591083ms)
✔ special symbol draws never run simultaneously; tokuzu2 has next-start priority (0.146875ms)
✔ an arrival between resolve and next-start never overtakes queued records (0.180792ms)
✔ W continuation uses independent fuzu draws, not a separate termination lottery (1.620667ms)
✔ announced awards preserve separate 10R bonuses and per-entry accounting (0.252583ms)
✔ unknown timings stay explicit and published reference data is immutable (0.126625ms)
✔ production W bridge accepts physical fuzu/electric/V/attacker crossings and counts 3000 (142.685708ms)
✔ natural right launches traverse fuzu, two electric admissions, two V entries and 3000 (12163.80675ms)
✔ production SessionGame uses W control and actual prizes, no stage/gold multipliers (5.360542ms)
✔ RUSH hit needs actual electric and V admissions before 1500 x 2 (2.179541ms)
✔ charge is distinct from aligned symbols, fourth branch does not enter RUSH (1.682958ms)
✔ 6000 plus alpha uses further fuzu and captured electric/V balls; no grant at reset (1.58125ms)
✔ electric followup result is fixed at admission, not rolled after payout (1.508875ms)
✔ production RUSH expires only after 130 resolved fuzu misses (19.991459ms)
ℹ tests 23
ℹ suites 0
ℹ pass 23
ℹ fail 0
ℹ cancelled 0
ℹ skipped 0
ℹ todo 0
ℹ duration_ms 12424.071833
