{
  file: '/Users/sintaro.katuta/dev/silverball-chronicles/prototype/reference-review/tokyoghoul-w-live-2026-10-03/page@58e7b2295bcb485144a94d5a918c13a3.webm',
  errors: [],
  consoleErrors: [
    {
      text: 'Failed to load resource: the server responded with a status of 404 (Not Found)',
      location: [Object]
    }
  ],
  failedResponses: [],
  bounds: {
    canvas: {
      x: 16,
      y: 78,
      width: 358,
      height: 409.140625,
      right: 374,
      bottom: 487.140625
    },
    viewport: { width: 390, height: 844 },
    scrollWidth: 390
  }
}
