✔ zero stock keeps pending electric and V processing alive (2.900666ms)
✔ normal holds retain IDs, lottery rolls, and kind across normal win into RUSH (4.970416ms)
✔ individual 1500 bonuses retain RUSH and the shared 3000 display plan (0.65075ms)
✔ pause freezes physical and control clocks; stop feed does not pause processing (6.053375ms)
✔ launcher holds new shots for an occupied muzzle or a returning ball (12.44575ms)
✔ single-file launcher drains after sustained maximum-rate and weak-shot firing (32747.390041ms)
✔ stage 6 normal firing keeps its full cadence without an upper-exit pileup (62859.695417ms)
✔ normal: balls stay outside LCD, follow side lanes and drain (24099.009334ms)
✔ rush: balls stay outside LCD, follow side lanes and drain (7371.676291ms)
✔ bonus: balls stay outside LCD, follow side lanes and drain (5069.969125ms)
✔ both modes launch at one origin no faster than 0.6 seconds (4641.768208ms)
✔ manual power changes only future normal shots (346.841375ms)
✔ left road has no bridging collision segments and an actual pin rebounds a falling ball (42.899792ms)
✔ right road stays five separate pins without an invisible supporting wall (10.197ms)
✔ near arrivals reconcile and cohorts retain launch power after switching (13109.626792ms)
✔ traced right channel guides physical balls and drains at 0.6s (3583.252ms)
✔ traced right channel guides physical balls and drains at 0.05s (41704.970167ms)
✔ lower resin rim leaves normal pocket discharge clear at power 0.2 (6616.884333ms)
✔ lower resin rim leaves normal pocket discharge clear at power 0.24 (5963.305542ms)
✔ lower resin rim leaves normal pocket discharge clear at power 0.28 (10888.278083ms)
✔ normal symbol and charge are separate outcomes; entry waits for explicit policy (1.481292ms)
✔ 130 misses consume fuzu draws, not electric admissions; no separate end roll (0.375875ms)
✔ success at draw 130 keeps electric opportunity; V required and 3000 is two bonuses (6.348417ms)
✔ physical capture counted once, closed inlets reject, timeout never fills missing balls (0.237ms)
✔ tokuzu1 holds are four and full holds do not suppress inlet prize (0.308083ms)
✔ unknown fuzu storage does not invent capacity; no old pity or boosted prize (0.400791ms)
✔ special symbol draws never run simultaneously; tokuzu2 has next-start priority (0.103583ms)
✔ an arrival between resolve and next-start never overtakes queued records (0.11575ms)
✔ W continuation uses independent fuzu draws, not a separate termination lottery (0.942125ms)
✔ announced awards preserve separate 10R bonuses and per-entry accounting (0.139ms)
✔ unknown timings stay explicit and published reference data is immutable (0.072ms)
✔ production W bridge accepts physical fuzu/electric/V/attacker crossings and counts 3000 (368.056917ms)
✔ natural right launches traverse fuzu, two electric admissions, two V entries and 3000 (30508.500584ms)
✔ dense arrivals cannot be consumed beyond the ten-count closing boundary (185.118625ms)
✔ control pause freezes an active reach even when flow itself has not been paused (23.872875ms)
✔ retirement is idempotent and rejects late capture and subsequent ticks (0.591917ms)
✔ new play starts independently, including physical IDs and old profile upgrades (0.3195ms)
✔ production SessionGame uses W control and actual prizes, no stage/gold multipliers (5.763708ms)
✔ RUSH hit needs actual electric and V admissions before 1500 x 2 (2.942083ms)
✔ charge is distinct from aligned symbols, fourth branch does not enter RUSH (3.1465ms)
✔ 6000 plus alpha uses further fuzu and captured electric/V balls; no grant at reset (3.846042ms)
✔ electric followup result is fixed at admission, not rolled after payout (3.687375ms)
✔ production RUSH expires only after 130 resolved fuzu misses (23.033125ms)
ℹ tests 43
ℹ suites 0
ℹ pass 43
ℹ fail 0
ℹ cancelled 0
ℹ skipped 0
ℹ todo 0
ℹ duration_ms 95762.791541
