✔ zero stock keeps pending electric and V processing alive (2.132834ms)
✔ normal holds retain IDs, lottery rolls, and kind across normal win into RUSH (3.639125ms)
✔ individual 1500 bonuses retain RUSH and the shared 3000 display plan (1.227666ms)
✔ pause freezes physical and control clocks; stop feed does not pause processing (6.505167ms)
✔ launcher holds new shots for an occupied muzzle or a returning ball (12.431708ms)
✔ single-file launcher drains after sustained maximum-rate and weak-shot firing (16619.4265ms)
✔ stage 6 normal firing keeps its full cadence without an upper-exit pileup (22928.759084ms)
✔ normal: balls stay outside LCD, follow side lanes and drain (14314.433625ms)
✔ rush: balls stay outside LCD, follow side lanes and drain (3984.997458ms)
✔ bonus: balls stay outside LCD, follow side lanes and drain (2497.743ms)
✔ both modes launch at one origin no faster than 0.6 seconds (2035.048292ms)
✔ manual power changes only future normal shots (128.783125ms)
✔ left road has no bridging collision segments and an actual pin rebounds a falling ball (43.370333ms)
✔ near arrivals reconcile and cohorts retain launch power after switching (7249.478833ms)
✔ traced right channel guides physical balls and drains at 0.6s (1465.436875ms)
✔ traced right channel guides physical balls and drains at 0.05s (21263.709791ms)
✔ lower resin rim leaves normal pocket discharge clear at power 0.2 (2055.421375ms)
✔ lower resin rim leaves normal pocket discharge clear at power 0.24 (2683.029125ms)
✔ lower resin rim leaves normal pocket discharge clear at power 0.28 (3441.599458ms)
✔ normal symbol and charge are separate outcomes; entry waits for explicit policy (10.263291ms)
✔ 130 misses consume fuzu draws, not electric admissions; no separate end roll (3.519709ms)
✔ success at draw 130 keeps electric opportunity; V required and 3000 is two bonuses (9.628958ms)
✔ physical capture counted once, closed inlets reject, timeout never fills missing balls (4.691375ms)
✔ tokuzu1 holds are four and full holds do not suppress inlet prize (0.209583ms)
✔ unknown fuzu storage does not invent capacity; no old pity or boosted prize (0.615208ms)
✔ special symbol draws never run simultaneously; tokuzu2 has next-start priority (0.17175ms)
✔ an arrival between resolve and next-start never overtakes queued records (0.212417ms)
✔ W continuation uses independent fuzu draws, not a separate termination lottery (0.810417ms)
✔ announced awards preserve separate 10R bonuses and per-entry accounting (0.1175ms)
✔ unknown timings stay explicit and published reference data is immutable (0.219333ms)
✔ production W bridge accepts physical fuzu/electric/V/attacker crossings and counts 3000 (244.586833ms)
✔ natural right launches traverse fuzu, two electric admissions, two V entries and 3000 (15504.00925ms)
✔ dense arrivals cannot be consumed beyond the ten-count closing boundary (107.825416ms)
✔ control pause freezes an active reach even when flow itself has not been paused (26.289667ms)
✔ retirement is idempotent and rejects late capture and subsequent ticks (0.291541ms)
✔ new play starts independently, including physical IDs and old profile upgrades (0.184167ms)
✔ production SessionGame uses W control and actual prizes, no stage/gold multipliers (9.692833ms)
✔ RUSH hit needs actual electric and V admissions before 1500 x 2 (4.890458ms)
✔ charge is distinct from aligned symbols, fourth branch does not enter RUSH (3.924792ms)
✔ 6000 plus alpha uses further fuzu and captured electric/V balls; no grant at reset (2.034625ms)
✔ electric followup result is fixed at admission, not rolled after payout (1.295ms)
✔ production RUSH expires only after 130 resolved fuzu misses (14.036458ms)
ℹ tests 42
ℹ suites 0
ℹ pass 42
ℹ fail 0
ℹ cancelled 0
ℹ skipped 0
ℹ todo 0
ℹ duration_ms 39700.643334
