✔ zero stock keeps pending electric and V processing alive (12.940708ms)
✔ normal holds retain IDs, lottery rolls, and kind across normal win into RUSH (3.649125ms)
✔ individual 1500 bonuses retain RUSH and the shared 3000 display plan (0.76025ms)
✔ pause freezes physical and control clocks; stop feed does not pause processing (4.233375ms)
✔ normal: balls stay outside LCD, follow side lanes and drain (33220.256125ms)
✖ rush: balls stay outside LCD, follow side lanes and drain (34731.009709ms)
✖ bonus: balls stay outside LCD, follow side lanes and drain (8097.2125ms)
✔ both modes launch at one origin no faster than 0.6 seconds (9617.583417ms)
✔ manual power changes only future normal shots (349.409542ms)
✔ left road has no bridging collision segments and an actual pin rebounds a falling ball (33.038416ms)
✔ right road stays five separate pins without an invisible supporting wall (33.586709ms)
✖ near arrivals reconcile and cohorts retain launch power after switching (20421.91925ms)
✖ traced right channel guides physical balls and drains at 0.6s (8139.337084ms)
✖ traced right channel guides physical balls and drains at 0.05s (65985.44275ms)
✖ lower resin rim leaves normal pocket discharge clear at power 0.2 (9224.005417ms)
✔ lower resin rim leaves normal pocket discharge clear at power 0.24 (7749.233667ms)
✖ lower resin rim leaves normal pocket discharge clear at power 0.28 (15322.015125ms)
✔ production W bridge accepts physical fuzu/electric/V/attacker crossings and counts 3000 (369.425708ms)
✖ natural right launches traverse fuzu, two electric admissions, two V entries and 3000 (140219.719208ms)
✔ dense arrivals cannot be consumed beyond the ten-count closing boundary (105.75575ms)
✔ control pause freezes an active reach even when flow itself has not been paused (15.866875ms)
✔ retirement is idempotent and rejects late capture and subsequent ticks (0.312958ms)
✔ new play starts independently, including physical IDs and old profile upgrades (0.201083ms)
ℹ tests 23
ℹ suites 0
ℹ pass 15
ℹ fail 8
ℹ cancelled 0
ℹ skipped 0
ℹ todo 0
ℹ duration_ms 140844.345833

✖ failing tests:

test at tests/lcd-flow.test.js:5:45
✖ rush: balls stay outside LCD, follow side lanes and drain (34731.009709ms)
  AssertionError [ERR_ASSERTION]: The expression evaluated to a falsy value:
  
    assert.ok(flow.counts[mode==='normal'?'start':mode]>0)
  
      at TestContext.<anonymous> (file:///Users/sintaro.katuta/dev/silverball-chronicles/prototype/tests/lcd-flow.test.js:10:9)
      at Test.runInAsyncScope (node:async_hooks:226:14)
      at Test.run (node:internal/test_runner/test:1201:25)
      at Test.processPendingSubtests (node:internal/test_runner/test:831:18)
      at Test.postRun (node:internal/test_runner/test:1330:19)
      at Test.run (node:internal/test_runner/test:1258:12)
      at async startSubtestAfterBootstrap (node:internal/test_runner/harness:385:3) {
    generatedMessage: true,
    code: 'ERR_ASSERTION',
    actual: false,
    expected: true,
    operator: '==',
    diff: 'simple'
  }

test at tests/lcd-flow.test.js:5:45
✖ bonus: balls stay outside LCD, follow side lanes and drain (8097.2125ms)
  AssertionError [ERR_ASSERTION]: Expected values to be strictly equal:
  
  1 !== 0
  
      at TestContext.<anonymous> (file:///Users/sintaro.katuta/dev/silverball-chronicles/prototype/tests/lcd-flow.test.js:13:9)
      at Test.runInAsyncScope (node:async_hooks:226:14)
      at Test.run (node:internal/test_runner/test:1201:25)
      at Test.processPendingSubtests (node:internal/test_runner/test:831:18)
      at Test.postRun (node:internal/test_runner/test:1330:19)
      at Test.run (node:internal/test_runner/test:1258:12)
      at async Test.processPendingSubtests (node:internal/test_runner/test:831:7) {
    generatedMessage: true,
    code: 'ERR_ASSERTION',
    actual: 1,
    expected: 0,
    operator: 'strictEqual',
    diff: 'simple'
  }

test at tests/left-route-metrics.test.js:4:1
✖ near arrivals reconcile and cohorts retain launch power after switching (20421.91925ms)
  AssertionError [ERR_ASSERTION]: Expected values to be strictly equal:
  
  1 !== 0
  
      at TestContext.<anonymous> (file:///Users/sintaro.katuta/dev/silverball-chronicles/prototype/tests/left-route-metrics.test.js:8:42)
      at Test.runInAsyncScope (node:async_hooks:226:14)
      at Test.run (node:internal/test_runner/test:1201:25)
      at Test.start (node:internal/test_runner/test:1096:17)
      at startSubtestAfterBootstrap (node:internal/test_runner/harness:385:17) {
    generatedMessage: true,
    code: 'ERR_ASSERTION',
    actual: 1,
    expected: 0,
    operator: 'strictEqual',
    diff: 'simple'
  }

test at tests/right-resin-route.test.js:4:32
✖ traced right channel guides physical balls and drains at 0.6s (8139.337084ms)
  AssertionError [ERR_ASSERTION]: Expected values to be strictly equal:
  
  1 !== 0
  
      at TestContext.<anonymous> (file:///Users/sintaro.katuta/dev/silverball-chronicles/prototype/tests/right-resin-route.test.js:13:9)
      at Test.runInAsyncScope (node:async_hooks:226:14)
      at Test.run (node:internal/test_runner/test:1201:25)
      at Test.start (node:internal/test_runner/test:1096:17)
      at startSubtestAfterBootstrap (node:internal/test_runner/harness:385:17) {
    generatedMessage: true,
    code: 'ERR_ASSERTION',
    actual: 1,
    expected: 0,
    operator: 'strictEqual',
    diff: 'simple'
  }

test at tests/right-resin-route.test.js:4:32
✖ traced right channel guides physical balls and drains at 0.05s (65985.44275ms)
  AssertionError [ERR_ASSERTION]: Expected values to be strictly equal:
  
  1 !== 0
  
      at TestContext.<anonymous> (file:///Users/sintaro.katuta/dev/silverball-chronicles/prototype/tests/right-resin-route.test.js:13:9)
      at Test.runInAsyncScope (node:async_hooks:226:14)
      at Test.run (node:internal/test_runner/test:1201:25)
      at Test.processPendingSubtests (node:internal/test_runner/test:831:18)
      at Test.postRun (node:internal/test_runner/test:1330:19)
      at Test.run (node:internal/test_runner/test:1258:12)
      at async startSubtestAfterBootstrap (node:internal/test_runner/harness:385:3) {
    generatedMessage: true,
    code: 'ERR_ASSERTION',
    actual: 1,
    expected: 0,
    operator: 'strictEqual',
    diff: 'simple'
  }

test at tests/right-resin-route.test.js:20:40
✖ lower resin rim leaves normal pocket discharge clear at power 0.2 (9224.005417ms)
  AssertionError [ERR_ASSERTION]: Expected values to be strictly equal:
  
  1 !== 0
  
      at TestContext.<anonymous> (file:///Users/sintaro.katuta/dev/silverball-chronicles/prototype/tests/right-resin-route.test.js:24:9)
      at Test.runInAsyncScope (node:async_hooks:226:14)
      at Test.run (node:internal/test_runner/test:1201:25)
      at Test.processPendingSubtests (node:internal/test_runner/test:831:18)
      at Test.postRun (node:internal/test_runner/test:1330:19)
      at Test.run (node:internal/test_runner/test:1258:12)
      at async Test.processPendingSubtests (node:internal/test_runner/test:831:7) {
    generatedMessage: true,
    code: 'ERR_ASSERTION',
    actual: 1,
    expected: 0,
    operator: 'strictEqual',
    diff: 'simple'
  }

test at tests/right-resin-route.test.js:20:40
✖ lower resin rim leaves normal pocket discharge clear at power 0.28 (15322.015125ms)
  AssertionError [ERR_ASSERTION]: Expected values to be strictly equal:
  
  1 !== 0
  
      at TestContext.<anonymous> (file:///Users/sintaro.katuta/dev/silverball-chronicles/prototype/tests/right-resin-route.test.js:24:9)
      at Test.runInAsyncScope (node:async_hooks:226:14)
      at Test.run (node:internal/test_runner/test:1201:25)
      at Test.processPendingSubtests (node:internal/test_runner/test:831:18)
      at Test.postRun (node:internal/test_runner/test:1330:19)
      at Test.run (node:internal/test_runner/test:1258:12)
      at async Test.processPendingSubtests (node:internal/test_runner/test:831:7) {
    generatedMessage: true,
    code: 'ERR_ASSERTION',
    actual: 1,
    expected: 0,
    operator: 'strictEqual',
    diff: 'simple'
  }

test at tests/w-session-flow.test.js:19:1
✖ natural right launches traverse fuzu, two electric admissions, two V entries and 3000 (140219.719208ms)
  TypeError: Cannot read properties of null (reading 'payout')
      at TestContext.<anonymous> (file:///Users/sintaro.katuta/dev/silverball-chronicles/prototype/tests/w-session-flow.test.js:25:24)
      at Test.runInAsyncScope (node:async_hooks:226:14)
      at Test.run (node:internal/test_runner/test:1201:25)
      at Test.processPendingSubtests (node:internal/test_runner/test:831:18)
      at Test.postRun (node:internal/test_runner/test:1330:19)
      at Test.run (node:internal/test_runner/test:1258:12)
      at async startSubtestAfterBootstrap (node:internal/test_runner/harness:385:3)
