
> tsukikage-pachinko@0.1.0 build
> vite build

vite v8.3.0 building client environment for production...
transforming...
[plugin rolldown:vite-resolve] Module "node:worker_threads" has been externalized for browser compatibility, imported by "/Users/sintaro.katuta/dev/silverball-chronicles/prototype/node_modules/playcanvas/build/playcanvas/src/framework/parsers/draco-worker.js". See https://vite.dev/guide/troubleshooting.html#module-externalized-for-browser-compatibility for more details.
[plugin rolldown:vite-resolve] Module "node:worker_threads" has been externalized for browser compatibility, imported by "/Users/sintaro.katuta/dev/silverball-chronicles/prototype/node_modules/playcanvas/build/playcanvas/src/scene/gsplat/gsplat-sort-worker.js". See https://vite.dev/guide/troubleshooting.html#module-externalized-for-browser-compatibility for more details.
[plugin rolldown:vite-resolve] Module "node:worker_threads" has been externalized for browser compatibility, imported by "/Users/sintaro.katuta/dev/silverball-chronicles/prototype/node_modules/playcanvas/build/playcanvas/src/scene/gsplat-unified/gsplat-unified-sort-worker.js". See https://vite.dev/guide/troubleshooting.html#module-externalized-for-browser-compatibility for more details.
✓ 2109 modules transformed.
rendering chunks...
computing gzip size...
dist/yozora.html                                                0.73 kB │ gzip:   0.45 kB
dist/resin-pixi.html                                            2.52 kB │ gzip:   1.19 kB
dist/index.html                                                 2.53 kB │ gzip:   0.77 kB
dist/launcher-pixi.html                                         2.74 kB │ gzip:   1.18 kB
dist/parts.html                                                 2.78 kB │ gzip:   1.45 kB
dist/windmill-pixi.html                                         2.92 kB │ gzip:   1.30 kB
dist/normal-pocket-pixi.html                                    3.00 kB │ gzip:   1.31 kB
dist/outlet-pixi.html                                           3.01 kB │ gzip:   1.37 kB
dist/central-start-pixi.html                                    3.02 kB │ gzip:   1.33 kB
dist/pins-pixi.html                                             3.06 kB │ gzip:   1.36 kB
dist/attacker-pixi.html                                         3.11 kB │ gzip:   1.41 kB
dist/right-start-pixi.html                                      3.44 kB │ gzip:   1.47 kB
dist/reach-comparison.html                                      3.78 kB │ gzip:   1.79 kB
dist/board-pixi.html                                            4.09 kB │ gzip:   1.54 kB
dist/lcd-pixi.html                                              5.30 kB │ gzip:   2.10 kB
dist/lcd-play.html                                              5.45 kB │ gzip:   2.18 kB
dist/lcd-reach.html                                             5.49 kB │ gzip:   2.21 kB
dist/lcd-win.html                                               5.52 kB │ gzip:   2.23 kB
dist/lcd-bonus.html                                             5.66 kB │ gzip:   2.27 kB
dist/lcd-rush.html                                              5.82 kB │ gzip:   2.38 kB
dist/lcd-rush-win.html                                          5.88 kB │ gzip:   2.41 kB
dist/sao-unity.html                                            10.04 kB │ gzip:   4.75 kB
dist/assets/dotgothic16-latin-400-normal-BYJEY5oh.woff2        10.50 kB
dist/assets/dotgothic16-latin-400-normal-cp5t3xa_.woff         15.54 kB
dist/assets/dotgothic16-japanese-400-normal-DqORjlTR.woff2    396.31 kB
dist/assets/dotgothic16-japanese-400-normal-f9lPNYbv.woff     593.12 kB
dist/assets/latin-400-ChMfPc7_.css                              0.23 kB │ gzip:   0.16 kB
dist/assets/japanese-400-6RtyzngC.css                           0.24 kB │ gzip:   0.17 kB
dist/assets/attacker-preview-cR3Iz5BR.css                       1.34 kB │ gzip:   0.68 kB
dist/assets/yozora-CHvN0svf.css                                 6.56 kB │ gzip:   2.49 kB
dist/assets/game-D1Ob3GNt.css                                  24.51 kB │ gzip:   5.54 kB
dist/assets/webworkerAll-DQ8uhNFR.js                            0.05 kB │ gzip:   0.06 kB
dist/assets/BitmapFont-DiPYvswi.js                              0.06 kB │ gzip:   0.07 kB
dist/assets/WebGLRenderer-CKu29Z3l.js                           0.07 kB │ gzip:   0.07 kB
dist/assets/CanvasRenderer-z3qkaea-.js                          0.07 kB │ gzip:   0.08 kB
dist/assets/WebGPURenderer-VmZ5XvxN.js                          0.07 kB │ gzip:   0.08 kB
dist/assets/board-preview-tV8wo_32.js                           0.19 kB │ gzip:   0.16 kB
dist/assets/getTextureBatchBindGroup-ClwE7Dfn.js                0.34 kB │ gzip:   0.26 kB
dist/assets/pin-texture-IRkNeD4V.js                             0.43 kB │ gzip:   0.29 kB
dist/assets/rolldown-runtime-CbXtAM7H.js                        0.58 kB │ gzip:   0.36 kB
dist/assets/latin-400-C532Uc7t.js                               0.63 kB │ gzip:   0.39 kB
dist/assets/Cache-BBN9g3ey.js                                   1.10 kB │ gzip:   0.55 kB
dist/assets/resin-guide-art-CKYiJDeu.js                         1.23 kB │ gzip:   0.62 kB
dist/assets/preload-helper-BKrSQD1R.js                          1.89 kB │ gzip:   0.95 kB
dist/assets/resinPixi-CJuO8MTf.js                               2.20 kB │ gzip:   1.26 kB
dist/assets/pinsPixi-CZ-oP0NB.js                                2.81 kB │ gzip:   1.55 kB
dist/assets/launcherPixi-CJ1bT5ry.js                            3.02 kB │ gzip:   1.58 kB
dist/assets/attackerPixi-BL79DR0h.js                            3.10 kB │ gzip:   1.66 kB
dist/assets/windmillPixi-CltAu0SH.js                            3.40 kB │ gzip:   1.86 kB
dist/assets/centralStartPixi-BegR73B5.js                        3.56 kB │ gzip:   1.85 kB
dist/assets/normalPocketPixi-1kUh2rAC.js                        3.59 kB │ gzip:   1.87 kB
dist/assets/outletPixi-dpPz2xwO.js                              3.87 kB │ gzip:   1.99 kB
dist/assets/cinematic-D4N2GnHJ.js                               5.17 kB │ gzip:   2.42 kB
dist/assets/canvasUtils-DpSIcrGb.js                             6.05 kB │ gzip:   2.04 kB
dist/assets/rightStartPixi-BVJpfQu8.js                          6.16 kB │ gzip:   3.06 kB
dist/assets/japanese-400-Dmz6g0z7.js                            6.67 kB │ gzip:   2.62 kB
dist/assets/Mesh-ZWIcaaV0.js                                    7.70 kB │ gzip:   2.67 kB
dist/assets/attacker-view-h0k9h1dY.js                           9.59 kB │ gzip:   3.97 kB
dist/assets/BufferResource-Bo_TzzE7.js                         11.06 kB │ gzip:   2.84 kB
dist/assets/part-flow-fixture-Cm4nldaM.js                      13.72 kB │ gzip:   5.85 kB
dist/assets/init-CrrUiYqK.js                                   15.75 kB │ gzip:   4.92 kB
dist/assets/GCManagedHash-B7Ct_LAk.js                          19.35 kB │ gzip:   6.29 kB
dist/assets/yozora-DkLCTLj9.js                                 19.74 kB │ gzip:   8.59 kB
dist/assets/long-reach-view-BvcivsLZ.js                        21.65 kB │ gzip:   8.75 kB
dist/assets/init-YpJCCTbm.js                                   23.78 kB │ gzip:   8.22 kB
dist/assets/Assets-EolQdAu8.js                                 26.25 kB │ gzip:   9.14 kB
dist/assets/CanvasRenderer-BA2ujdrp.js                         27.11 kB │ gzip:   7.92 kB
dist/assets/right-start-view-BnKUl2cy.js                       29.89 kB │ gzip:  10.90 kB
dist/assets/parts-DrV72HS9.js                                  30.10 kB │ gzip:  11.52 kB
dist/assets/BitmapFont-4pgOOTtJ.js                             33.36 kB │ gzip:  11.13 kB
dist/assets/game-Cy9-8zWo.js                                   36.72 kB │ gzip:  13.92 kB
dist/assets/Filter-2ZHA6JyW.js                                 42.00 kB │ gzip:  12.03 kB
dist/assets/browserAll-BFikGLkO.js                             42.67 kB │ gzip:  11.16 kB
dist/assets/WebGPURenderer-CPEWURuB.js                         47.96 kB │ gzip:  13.79 kB
dist/assets/RenderTargetSystem-K36VzrUb.js                     58.77 kB │ gzip:  16.44 kB
dist/assets/GraphicsContext-Zw69cK8z.js                        61.70 kB │ gzip:  20.60 kB
dist/assets/CanvasPool-DrVkpTbP.js                             67.80 kB │ gzip:  22.13 kB
dist/assets/WebGLRenderer-CYSUGwIQ.js                          71.73 kB │ gzip:  19.51 kB
dist/assets/board-runtime-Vv4telWr.js                         134.75 kB │ gzip:  51.68 kB
dist/assets/reachComparison-Dlv4jrqT.js                       534.28 kB │ gzip: 134.44 kB
dist/assets/runtime-D3LoQnaR.js                             1,947.75 kB │ gzip: 496.84 kB

[plugin builtin:vite-reporter]
(!) Some chunks are larger than 500 kB after minification. Consider:
- Using dynamic import() to code-split the application
- Use build.rolldownOptions.output.codeSplitting to improve chunking: https://rolldown.rs/reference/OutputOptions.codeSplitting
- Adjust chunk size limit for this warning via build.chunkSizeWarningLimit.
✓ built in 1.82s
