{
  file: '/Users/sintaro.katuta/dev/silverball-chronicles/prototype/reference-review/collision-lcd-2026-10-03/page@cd7bd4a7ca1d56e638e486404d49f031.webm',
  errors: [],
  last: {
    view: 'board',
    intro: { active: false, phase: 'complete' },
    w: {
      model: 'e東京喰種W',
      rush: null,
      bonus: null,
      pendingV: false,
      electricOpen: false,
      payout: 23,
      holds: [Object],
      eventCount: 20
    },
    cabinet: { phase: 'normal', travel: 0, light: 0.06, rainbow: false, hue: 0 },
    session: {
      stock: 285,
      total: 23,
      phase: 'playing',
      accounting: [Object],
      jackpots: 0
    },
    spin: {
      entryPrelude: null,
      lifecycle: true,
      mode: 'normal',
      rush: null,
      lastRush: null,
      round: [Object],
      win: null,
      reach: null,
      time: 50.18333333333113,
      holds: 0,
      active: false,
      draws: 3,
      stopTimer: 0,
      reels: [Object],
      accepted: 3,
      entries: 3,
      events: [Array]
    },
    lcd: { x: 82, y: 303, width: 259.5, height: 202 },
    gate: { kind: 'fuzu-inlet', count: 0, lastPass: null, lit: false },
    leftRoutes: {
      roadContact: 15,
      nearHeso: 8,
      admitted: 3,
      nearAdmitted: 3,
      deflectedAtHeso: 0,
      nearMiss: 5,
      earlySpill: 7,
      pending: 0,
      nearPending: 0,
      nearMissOutcomes: [Object],
      outcomes: [Object],
      tracked: 254,
      byPower: [Object]
    },
    time: 50.18333333333113,
    paused: false,
    mode: 'normal',
    counts: {
      fuzu: 0,
      normal: 4,
      start: 3,
      rush: 0,
      bonus: 0,
      out: 131,
      returned: 116
    },
    spawned: 254,
    pockets: [
      [Object], [Object],
      [Object], [Object],
      [Object], [Object],
      [Object]
    ],
    guide: {
      a: [Object],
      b: [Object],
      r: 0.65,
      active: true,
      denchuShelf: false,
      material: 'resin',
      role: 'right-inner-lower',
      restitution: 0.04
    },
    attacker: { progress: 0, target: 0, moving: false },
    tulip: { progress: 0, target: 0, moving: false },
    routeBalls: [],
    inFlight: 0
  }
}
