✔ lower LCD housing has a physical surface matching the visible apron (1.908333ms)
✔ compact lower assembly drains and accounts for all balls at increased firing rate (20183.725959ms)
✔ normal: balls stay outside LCD, follow side lanes and drain (5888.889167ms)
✔ rush: balls stay outside LCD, follow side lanes and drain (3045.237583ms)
✔ bonus: balls stay outside LCD, follow side lanes and drain (2147.35525ms)
✔ normal HESO mouth admits a real ball independently of natural cohort frequency (2.715042ms)
✔ both modes launch at one origin no faster than 0.6 seconds (1570.031209ms)
✔ manual power changes only future normal shots (113.630417ms)
{"shots":29,"guideContact":17,"downstream":15}
✔ reference inlet guides share their visible coordinates and feed falling left shots downstream (1241.735584ms)
✔ a playfield ball beside the left inlet does not collide with the rear launch arc (34.509541ms)
✔ all three left ordinary receivers admit a physical ball through their visible mouth (14.990583ms)
{"entries":3,"draws":3,"maxHolds":2}
✔ physical admissions start spins, pause freezes and all accepted holds drain (5984.761958ms)
✔ active draw is separate from five holds, full holds do not add a draw (193.133625ms)
✔ dense-ball separation resolves the existing pin shaft before the frame is displayed (2.811375ms)
✔ adaptive integration stops a fast front-plane ball at a pin instead of crossing its center (1.322334ms)
✔ rear launch balls remain on their separate plane even when passing a front pin (0.304084ms)
✔ a ball between staggered ordinary receivers clears their visible front edges (59.504042ms)
✔ natural left power .25 drains after the ordinary receiver rim correction (3675.788917ms)
✔ production W bridge accepts physical fuzu/electric/V/attacker crossings and counts 3000 (108.301958ms)
✔ natural right launches traverse fuzu, two electric admissions, two V entries and 3000 (10567.239875ms)
✔ dense arrivals cannot be consumed beyond the ten-count closing boundary (75.786584ms)
ℹ tests 21
ℹ suites 0
ℹ pass 21
ℹ fail 0
ℹ cancelled 0
ℹ skipped 0
ℹ todo 0
ℹ duration_ms 22315.173541
