✔ all three left ordinary receivers admit a physical ball through their visible mouth (28.481834ms)
✔ near arrivals reconcile and cohorts retain launch power after switching (7909.708541ms)
✔ life nail clearances physically change admission for independent incoming balls (169.69825ms)
✔ normal launches reach the start through the role-based board without lifetime cleanup (6196.326375ms)
✔ flow diagnostics retain role-to-pocket and role-to-out evidence with bounded route signatures (1904.478583ms)
✔ traced right channel guides physical balls and drains at 0.6s (2817.757042ms)
✔ traced right channel guides physical balls and drains at 0.05s (34608.778708ms)
✔ lower resin rim leaves normal pocket discharge clear at power 0.2 (3633.843541ms)
✔ lower resin rim leaves normal pocket discharge clear at power 0.24 (2600.742083ms)
✔ lower resin rim leaves normal pocket discharge clear at power 0.28 (4429.776958ms)
✔ source-diagram route renders balls at their physical positions without the former depth offset (1.742333ms)
✔ right route advances real balls and pause freezes their physical/display coordinates (1274.422834ms)
✔ production W bridge accepts physical fuzu/electric/V/attacker crossings and counts 3000 (207.509875ms)
✔ natural right launches traverse fuzu, two electric admissions, two V entries and 3000 (24505.293083ms)
✔ dense arrivals cannot be consumed beyond the ten-count closing boundary (152.158459ms)
ℹ tests 15
ℹ suites 0
ℹ pass 15
ℹ fail 0
ℹ cancelled 0
ℹ skipped 0
ℹ todo 0
ℹ duration_ms 48355.644084
