ffmpeg version 9.0.1 Copyright (c) 2000-2026 the FFmpeg developers
  built with Apple clang version 21.0.0 (clang-2100.1.1.101)
  configuration: --prefix=/opt/homebrew/Cellar/ffmpeg/9.0.1_1 --enable-shared --enable-pthreads --enable-version3 --cc=clang --host-cflags= --host-ldflags= --enable-ffplay --enable-gpl --enable-libsvtav1 --enable-libopus --enable-libx264 --enable-libmp3lame --enable-libdav1d --enable-libvmaf --enable-libvpx --enable-libx265 --enable-openssl --enable-videotoolbox --enable-audiotoolbox --enable-neon
  libavutil      61.  1.101 / 61.  1.101
  libavcodec     63.  1.101 / 63.  1.101
  libavformat    63.  1.101 / 63.  1.101
  libavdevice    63.  1.101 / 63.  1.101
  libavfilter    12.  1.101 / 12.  1.101
  libswscale     10.  1.101 / 10.  1.101
  libswresample   7.  1.101 /  7.  1.101
Input #0, matroska,webm, from '/Users/sintaro.katuta/dev/silverball-chronicles/prototype/reference-review/collision-lcd-2026-10-03/page@920488c5999a602d68f73e20556b3db5.webm':
  Metadata:
    creation_time   : 2026-10-03T01:41:30.870000Z
    ENCODER         : Lavf61.1.100
  Duration: 00:01:35.84, start: 0.000000, bitrate: 335 kb/s
  Stream #0:0(eng): Video: vp8, yuv420p(progressive), 390x844, SAR 1:1 DAR 195:422, 25 fps, 25 tbr, 1k tbn (default)
    Metadata:
      ENCODER         : Lavc61.3.100 libvpx
      DURATION        : 00:01:35.840000000
Stream mapping:
  Stream #0:0 -> #0:0 (vp8 (native) -> h264 (libx264))
Press [q] to stop, [?] for help
[libx264 @ 0x9fd020a80] using SAR=1/1
[libx264 @ 0x9fd020a80] using cpu capabilities: ARMv8 NEON DotProd I8MM
[libx264 @ 0x9fd020a80] profile High, level 3.0, 4:2:0, 8-bit
[libx264 @ 0x9fd020a80] 264 - core 165 r3222 b35605a - H.264/MPEG-4 AVC codec - Copyleft 2003-2025 - http://www.videolan.org/x264.html - options: cabac=1 ref=3 deblock=1:0:0 analyse=0x3:0x113 me=hex subme=7 psy=1 psy_rd=1.00:0.00 mixed_ref=1 me_range=16 chroma_me=1 trellis=1 8x8dct=1 cqm=0 deadzone=21,11 fast_pskip=1 chroma_qp_offset=-2 threads=15 lookahead_threads=2 sliced_threads=0 nr=0 decimate=1 interlaced=0 bluray_compat=0 constrained_intra=0 bframes=3 b_pyramid=2 b_adapt=1 b_bias=0 direct=1 weightb=1 open_gop=0 weightp=2 keyint=250 keyint_min=25 scenecut=40 intra_refresh=0 rc_lookahead=40 rc=crf mbtree=1 crf=23.0 qcomp=0.60 qpmin=0 qpmax=69 qpstep=4 ip_ratio=1.40 aq=1:1.00
Output #0, mp4, to 'reference-review/collision-lcd-2026-10-03/left-mobile.mp4':
  Metadata:
    encoder         : Lavf63.1.101
  Stream #0:0(eng): Video: h264 (avc1 / 0x31637661), yuv420p(tv, bt470bg/unknown/unknown, progressive), 390x844 [SAR 1:1 DAR 195:422], q=2-31, 25 fps, 12800 tbn (default)
    Metadata:
      encoder         : Lavc63.1.101 libx264
      DURATION        : 00:01:35.840000000
    Side data:
      CPB properties: bitrate max/min/avg: 0/0/0 buffer size: 0 vbv_delay: N/A
frame=  750 fps=0.0 q=28.0 size=    1280KiB time=00:00:29.92 bitrate= 350.5kbits/s speed=59.7x elapsed=0:00:00.50    frame= 1793 fps=1776 q=28.0 size=    2048KiB time=00:01:11.64 bitrate= 234.2kbits/s speed=  71x elapsed=0:00:01.00    [out#0/mp4 @ 0x9fd024240] video:2461KiB audio:0KiB subtitle:0KiB other streams:0KiB global headers:0KiB muxing overhead: 1.158393%
frame= 2396 fps=1810 q=-1.0 Lsize=    2490KiB time=00:01:35.76 bitrate= 213.0kbits/s speed=72.3x elapsed=0:00:01.32    
[libx264 @ 0x9fd020a80] frame I:14    Avg QP:12.81  size: 39447
[libx264 @ 0x9fd020a80] frame P:647   Avg QP:19.95  size:  2233
[libx264 @ 0x9fd020a80] frame B:1735  Avg QP:29.76  size:   301
[libx264 @ 0x9fd020a80] consecutive B-frames:  2.5%  1.6%  4.1% 91.8%
[libx264 @ 0x9fd020a80] mb I  I16..4: 61.6% 11.7% 26.7%
[libx264 @ 0x9fd020a80] mb P  I16..4:  2.0%  2.3%  0.4%  P16..4:  7.3%  0.9%  1.1%  0.0%  0.0%    skip:86.1%
[libx264 @ 0x9fd020a80] mb B  I16..4:  0.2%  0.1%  0.1%  B16..8:  2.6%  0.3%  0.1%  direct: 0.9%  skip:95.8%  L0:42.2% L1:52.1% BI: 5.7%
[libx264 @ 0x9fd020a80] 8x8 transform intra:37.2% inter:25.7%
[libx264 @ 0x9fd020a80] coded y,uvDC,uvAC intra: 13.9% 22.2% 17.7% inter: 1.4% 2.6% 1.0%
[libx264 @ 0x9fd020a80] i16 v,h,dc,p: 82% 14%  4%  0%
[libx264 @ 0x9fd020a80] i8 v,h,dc,ddl,ddr,vr,hd,vl,hu: 11% 18% 69%  0%  0%  0%  0%  0%  1%
[libx264 @ 0x9fd020a80] i4 v,h,dc,ddl,ddr,vr,hd,vl,hu: 26% 29% 17%  4%  4%  5%  6%  4%  5%
[libx264 @ 0x9fd020a80] i8c dc,h,v,p: 70% 15% 14%  1%
[libx264 @ 0x9fd020a80] Weighted P-Frames: Y:1.2% UV:0.6%
[libx264 @ 0x9fd020a80] ref P L0: 75.1%  6.8% 14.3%  3.7%  0.0%
[libx264 @ 0x9fd020a80] ref B L0: 84.3% 14.1%  1.7%
[libx264 @ 0x9fd020a80] ref B L1: 91.2%  8.8%
[libx264 @ 0x9fd020a80] kb/s:210.33
