✖ physical admissions start spins, pause freezes and all accepted holds drain (6000.938125ms)
ℹ tests 1
ℹ suites 0
ℹ pass 0
ℹ fail 1
ℹ cancelled 0
ℹ skipped 0
ℹ todo 0
ℹ duration_ms 6079.590334

✖ failing tests:

test at tests/normal-spin-flow.test.js:6:1
✖ physical admissions start spins, pause freezes and all accepted holds drain (6000.938125ms)
  AssertionError [ERR_ASSERTION]: The expression evaluated to a falsy value:
  
    assert.ok(states.has('true,false,false'))
  
      at TestContext.<anonymous> (file:///Users/sintaro.katuta/dev/silverball-chronicles/prototype/tests/normal-spin-flow.test.js:16:104)
      at Test.runInAsyncScope (node:async_hooks:226:14)
      at Test.run (node:internal/test_runner/test:1201:25)
      at Test.start (node:internal/test_runner/test:1096:17)
      at startSubtestAfterBootstrap (node:internal/test_runner/harness:385:17) {
    generatedMessage: true,
    code: 'ERR_ASSERTION',
    actual: false,
    expected: true,
    operator: '==',
    diff: 'simple'
  }
