ffmpeg version 9.0.1 Copyright (c) 2000-2026 the FFmpeg developers
  built with Apple clang version 21.0.0 (clang-2100.1.1.101)
  configuration: --prefix=/opt/homebrew/Cellar/ffmpeg/9.0.1_1 --enable-shared --enable-pthreads --enable-version3 --cc=clang --host-cflags= --host-ldflags= --enable-ffplay --enable-gpl --enable-libsvtav1 --enable-libopus --enable-libx264 --enable-libmp3lame --enable-libdav1d --enable-libvmaf --enable-libvpx --enable-libx265 --enable-openssl --enable-videotoolbox --enable-audiotoolbox --enable-neon
  libavutil      61.  1.101 / 61.  1.101
  libavcodec     63.  1.101 / 63.  1.101
  libavformat    63.  1.101 / 63.  1.101
  libavdevice    63.  1.101 / 63.  1.101
  libavfilter    12.  1.101 / 12.  1.101
  libswscale     10.  1.101 / 10.  1.101
  libswresample   7.  1.101 /  7.  1.101
Input #0, matroska,webm, from '/Users/sintaro.katuta/dev/silverball-chronicles/prototype/reference-review/collision-lcd-2026-10-03/page@45ece25b5d7263ebb28369eba08c778a.webm':
  Metadata:
    creation_time   : 2026-10-03T01:41:44.640000Z
    ENCODER         : Lavf61.1.100
  Duration: 00:02:53.64, start: 0.000000, bitrate: 468 kb/s
  Stream #0:0(eng): Video: vp8, yuv420p(progressive), 390x844, SAR 1:1 DAR 195:422, 25 fps, 25 tbr, 1k tbn (default)
    Metadata:
      ENCODER         : Lavc61.3.100 libvpx
      DURATION        : 00:02:53.640000000
Stream mapping:
  Stream #0:0 -> #0:0 (vp8 (native) -> h264 (libx264))
Press [q] to stop, [?] for help
[libx264 @ 0x84ec50a80] using SAR=1/1
[libx264 @ 0x84ec50a80] using cpu capabilities: ARMv8 NEON DotProd I8MM
[libx264 @ 0x84ec50a80] profile High, level 3.0, 4:2:0, 8-bit
[libx264 @ 0x84ec50a80] 264 - core 165 r3222 b35605a - H.264/MPEG-4 AVC codec - Copyleft 2003-2025 - http://www.videolan.org/x264.html - options: cabac=1 ref=3 deblock=1:0:0 analyse=0x3:0x113 me=hex subme=7 psy=1 psy_rd=1.00:0.00 mixed_ref=1 me_range=16 chroma_me=1 trellis=1 8x8dct=1 cqm=0 deadzone=21,11 fast_pskip=1 chroma_qp_offset=-2 threads=15 lookahead_threads=2 sliced_threads=0 nr=0 decimate=1 interlaced=0 bluray_compat=0 constrained_intra=0 bframes=3 b_pyramid=2 b_adapt=1 b_bias=0 direct=1 weightb=1 open_gop=0 weightp=2 keyint=250 keyint_min=25 scenecut=40 intra_refresh=0 rc_lookahead=40 rc=crf mbtree=1 crf=23.0 qcomp=0.60 qpmin=0 qpmax=69 qpstep=4 ip_ratio=1.40 aq=1:1.00
Output #0, mp4, to 'reference-review/collision-lcd-2026-10-03/rush-mobile.mp4':
  Metadata:
    encoder         : Lavf63.1.101
  Stream #0:0(eng): Video: h264 (avc1 / 0x31637661), yuv420p(tv, bt470bg/unknown/unknown, progressive), 390x844 [SAR 1:1 DAR 195:422], q=2-31, 25 fps, 12800 tbn (default)
    Metadata:
      encoder         : Lavc63.1.101 libx264
      DURATION        : 00:02:53.640000000
    Side data:
      CPB properties: bitrate max/min/avg: 0/0/0 buffer size: 0 vbv_delay: N/A
frame=  710 fps=0.0 q=28.0 size=    1536KiB time=00:00:28.32 bitrate= 444.3kbits/s speed=55.5x elapsed=0:00:00.51    frame= 1797 fps=1762 q=28.0 size=    2560KiB time=00:01:11.80 bitrate= 292.1kbits/s speed=70.4x elapsed=0:00:01.02    frame= 2859 fps=1868 q=28.0 size=    3584KiB time=00:01:54.28 bitrate= 256.9kbits/s speed=74.7x elapsed=0:00:01.53    frame= 4000 fps=1961 q=28.0 size=    4096KiB time=00:02:39.92 bitrate= 209.8kbits/s speed=78.4x elapsed=0:00:02.04    [out#0/mp4 @ 0x84f020240] video:4577KiB audio:0KiB subtitle:0KiB other streams:0KiB global headers:0KiB muxing overhead: 1.113994%
frame= 4341 fps=1985 q=-1.0 Lsize=    4628KiB time=00:02:53.56 bitrate= 218.4kbits/s speed=79.4x elapsed=0:00:02.18    
[libx264 @ 0x84ec50a80] frame I:22    Avg QP:12.37  size: 42068
[libx264 @ 0x84ec50a80] frame P:1183  Avg QP:20.34  size:  2472
[libx264 @ 0x84ec50a80] frame B:3136  Avg QP:30.57  size:   267
[libx264 @ 0x84ec50a80] consecutive B-frames:  2.3%  2.9%  4.2% 90.7%
[libx264 @ 0x84ec50a80] mb I  I16..4: 54.6% 16.6% 28.8%
[libx264 @ 0x84ec50a80] mb P  I16..4:  1.3%  1.8%  0.3%  P16..4: 11.1%  1.0%  1.5%  0.0%  0.0%    skip:82.9%
[libx264 @ 0x84ec50a80] mb B  I16..4:  0.0%  0.0%  0.0%  B16..8:  4.5%  0.2%  0.1%  direct: 0.8%  skip:94.3%  L0:27.7% L1:69.6% BI: 2.6%
[libx264 @ 0x84ec50a80] 8x8 transform intra:39.9% inter:41.7%
[libx264 @ 0x84ec50a80] coded y,uvDC,uvAC intra: 18.2% 27.2% 22.7% inter: 2.0% 2.9% 1.1%
[libx264 @ 0x84ec50a80] i16 v,h,dc,p: 78% 18%  4%  0%
[libx264 @ 0x84ec50a80] i8 v,h,dc,ddl,ddr,vr,hd,vl,hu: 12% 23% 61%  1%  1%  1%  1%  0%  1%
[libx264 @ 0x84ec50a80] i4 v,h,dc,ddl,ddr,vr,hd,vl,hu: 25% 27% 19%  4%  4%  5%  5%  5%  5%
[libx264 @ 0x84ec50a80] i8c dc,h,v,p: 67% 16% 15%  1%
[libx264 @ 0x84ec50a80] Weighted P-Frames: Y:1.1% UV:0.8%
[libx264 @ 0x84ec50a80] ref P L0: 71.3% 12.0% 12.5%  4.2%  0.0%
[libx264 @ 0x84ec50a80] ref B L0: 84.9% 13.4%  1.8%
[libx264 @ 0x84ec50a80] ref B L1: 88.5% 11.5%
[libx264 @ 0x84ec50a80] kb/s:215.89
