ffmpeg version 9.0.1 Copyright (c) 2000-2026 the FFmpeg developers
  built with Apple clang version 21.0.0 (clang-2100.1.1.101)
  configuration: --prefix=/opt/homebrew/Cellar/ffmpeg/9.0.1_1 --enable-shared --enable-pthreads --enable-version3 --cc=clang --host-cflags= --host-ldflags= --enable-ffplay --enable-gpl --enable-libsvtav1 --enable-libopus --enable-libx264 --enable-libmp3lame --enable-libdav1d --enable-libvmaf --enable-libvpx --enable-libx265 --enable-openssl --enable-videotoolbox --enable-audiotoolbox --enable-neon
  libavutil      61.  1.101 / 61.  1.101
  libavcodec     63.  1.101 / 63.  1.101
  libavformat    63.  1.101 / 63.  1.101
  libavdevice    63.  1.101 / 63.  1.101
  libavfilter    12.  1.101 / 12.  1.101
  libswscale     10.  1.101 / 10.  1.101
  libswresample   7.  1.101 /  7.  1.101
Input #0, matroska,webm, from 'reference-review/heso-calibration-2026-10-03/page@ed630bfcad8bb0a31019d43e6bc34d73.webm':
  Metadata:
    creation_time   : 2026-10-03T03:52:02.594000Z
    ENCODER         : Lavf61.1.100
  Duration: 00:02:36.28, start: 0.000000, bitrate: 401 kb/s
  Stream #0:0(eng): Video: vp8, yuv420p(progressive), 390x844, SAR 1:1 DAR 195:422, 25 fps, 25 tbr, 1k tbn (default)
    Metadata:
      ENCODER         : Lavc61.3.100 libvpx
      DURATION        : 00:02:36.280000000
Stream mapping:
  Stream #0:0 -> #0:0 (vp8 (native) -> h264 (libx264))
Press [q] to stop, [?] for help
[libx264 @ 0x957040a80] using SAR=1/1
[libx264 @ 0x957040a80] using cpu capabilities: ARMv8 NEON DotProd I8MM
[libx264 @ 0x957040a80] profile High, level 3.0, 4:2:0, 8-bit
[libx264 @ 0x957040a80] 264 - core 165 r3222 b35605a - H.264/MPEG-4 AVC codec - Copyleft 2003-2025 - http://www.videolan.org/x264.html - options: cabac=1 ref=2 deblock=1:0:0 analyse=0x3:0x113 me=hex subme=6 psy=1 psy_rd=1.00:0.00 mixed_ref=1 me_range=16 chroma_me=1 trellis=1 8x8dct=1 cqm=0 deadzone=21,11 fast_pskip=1 chroma_qp_offset=-2 threads=15 lookahead_threads=2 sliced_threads=0 nr=0 decimate=1 interlaced=0 bluray_compat=0 constrained_intra=0 bframes=3 b_pyramid=2 b_adapt=1 b_bias=0 direct=1 weightb=1 open_gop=0 weightp=1 keyint=250 keyint_min=25 scenecut=40 intra_refresh=0 rc_lookahead=30 rc=crf mbtree=1 crf=24.0 qcomp=0.60 qpmin=0 qpmax=69 qpstep=4 ip_ratio=1.40 aq=1:1.00
Output #0, mp4, to 'reference-review/heso-calibration-2026-10-03/gather-only-candidate/left-mobile.mp4':
  Metadata:
    encoder         : Lavf63.1.101
  Stream #0:0(eng): Video: h264 (avc1 / 0x31637661), yuv420p(tv, bt470bg/unknown/unknown, progressive), 390x844 [SAR 1:1 DAR 195:422], q=2-31, 25 fps, 12800 tbn (default)
    Metadata:
      encoder         : Lavc63.1.101 libx264
      DURATION        : 00:02:36.280000000
    Side data:
      CPB properties: bitrate max/min/avg: 0/0/0 buffer size: 0 vbv_delay: N/A
frame=  848 fps=0.0 q=29.0 size=    1280KiB time=00:00:33.84 bitrate= 309.9kbits/s speed=67.2x elapsed=0:00:00.50    frame= 1916 fps=1891 q=29.0 size=    2304KiB time=00:01:16.60 bitrate= 246.4kbits/s speed=75.6x elapsed=0:00:01.01    frame= 3021 fps=1983 q=29.0 size=    2816KiB time=00:02:00.80 bitrate= 191.0kbits/s speed=79.3x elapsed=0:00:01.52    [out#0/mp4 @ 0x95701c300] video:3373KiB audio:0KiB subtitle:0KiB other streams:0KiB global headers:0KiB muxing overhead: 1.369917%
frame= 3907 fps=2042 q=-1.0 Lsize=    3420KiB time=00:02:36.20 bitrate= 179.3kbits/s speed=81.6x elapsed=0:00:01.91    
[libx264 @ 0x957040a80] frame I:21    Avg QP:13.49  size: 41820
[libx264 @ 0x957040a80] frame P:1028  Avg QP:22.23  size:  1610
[libx264 @ 0x957040a80] frame B:2858  Avg QP:28.35  size:   322
[libx264 @ 0x957040a80] consecutive B-frames:  1.8%  1.1%  2.7% 94.4%
[libx264 @ 0x957040a80] mb I  I16..4: 53.0% 20.1% 26.9%
[libx264 @ 0x957040a80] mb P  I16..4:  1.2%  1.9%  0.2%  P16..4:  7.5%  0.8%  0.8%  0.0%  0.0%    skip:87.6%
[libx264 @ 0x957040a80] mb B  I16..4:  0.3%  0.0%  0.1%  B16..8:  1.5%  0.3%  0.1%  direct: 1.7%  skip:95.9%  L0:48.5% L1:42.6% BI: 8.8%
[libx264 @ 0x957040a80] 8x8 transform intra:36.1% inter:20.9%
[libx264 @ 0x957040a80] coded y,uvDC,uvAC intra: 15.8% 23.1% 18.7% inter: 1.0% 2.4% 0.6%
[libx264 @ 0x957040a80] i16 v,h,dc,p: 81% 15%  4%  0%
[libx264 @ 0x957040a80] i8 v,h,dc,ddl,ddr,vr,hd,vl,hu: 11% 20% 65%  1%  0%  0%  1%  0%  1%
[libx264 @ 0x957040a80] i4 v,h,dc,ddl,ddr,vr,hd,vl,hu: 24% 29% 17%  4%  4%  5%  6%  5%  6%
[libx264 @ 0x957040a80] i8c dc,h,v,p: 71% 15% 13%  1%
[libx264 @ 0x957040a80] Weighted P-Frames: Y:0.9% UV:0.3%
[libx264 @ 0x957040a80] ref P L0: 57.5% 42.5%
[libx264 @ 0x957040a80] ref B L0: 79.9% 20.1%
[libx264 @ 0x957040a80] ref B L1: 87.7% 12.3%
[libx264 @ 0x957040a80] kb/s:176.79
