ffmpeg version 9.0.1 Copyright (c) 2000-2026 the FFmpeg developers
  built with Apple clang version 21.0.0 (clang-2100.1.1.101)
  configuration: --prefix=/opt/homebrew/Cellar/ffmpeg/9.0.1_1 --enable-shared --enable-pthreads --enable-version3 --cc=clang --host-cflags= --host-ldflags= --enable-ffplay --enable-gpl --enable-libsvtav1 --enable-libopus --enable-libx264 --enable-libmp3lame --enable-libdav1d --enable-libvmaf --enable-libvpx --enable-libx265 --enable-openssl --enable-videotoolbox --enable-audiotoolbox --enable-neon
  libavutil      61.  1.101 / 61.  1.101
  libavcodec     63.  1.101 / 63.  1.101
  libavformat    63.  1.101 / 63.  1.101
  libavdevice    63.  1.101 / 63.  1.101
  libavfilter    12.  1.101 / 12.  1.101
  libswscale     10.  1.101 / 10.  1.101
  libswresample   7.  1.101 /  7.  1.101
Input #0, matroska,webm, from '/Users/sintaro.katuta/dev/silverball-chronicles/prototype/reference-review/rail-pass-2026-10-03/page@7e60a3c0f11e10c0021d278b88355b74.webm':
  Metadata:
    creation_time   : 2026-10-03T02:24:39.424000Z
    ENCODER         : Lavf61.1.100
  Duration: 00:01:40.32, start: 0.000000, bitrate: 354 kb/s
  Stream #0:0(eng): Video: vp8, yuv420p(progressive), 390x844, SAR 1:1 DAR 195:422, 25 fps, 25 tbr, 1k tbn (default)
    Metadata:
      ENCODER         : Lavc61.3.100 libvpx
      DURATION        : 00:01:40.320000000
Stream mapping:
  Stream #0:0 -> #0:0 (vp8 (native) -> h264 (libx264))
Press [q] to stop, [?] for help
[libx264 @ 0x75903ca80] using SAR=1/1
[libx264 @ 0x75903ca80] using cpu capabilities: ARMv8 NEON DotProd I8MM
[libx264 @ 0x75903ca80] profile High, level 3.0, 4:2:0, 8-bit
[libx264 @ 0x75903ca80] 264 - core 165 r3222 b35605a - H.264/MPEG-4 AVC codec - Copyleft 2003-2025 - http://www.videolan.org/x264.html - options: cabac=1 ref=3 deblock=1:0:0 analyse=0x3:0x113 me=hex subme=7 psy=1 psy_rd=1.00:0.00 mixed_ref=1 me_range=16 chroma_me=1 trellis=1 8x8dct=1 cqm=0 deadzone=21,11 fast_pskip=1 chroma_qp_offset=-2 threads=15 lookahead_threads=2 sliced_threads=0 nr=0 decimate=1 interlaced=0 bluray_compat=0 constrained_intra=0 bframes=3 b_pyramid=2 b_adapt=1 b_bias=0 direct=1 weightb=1 open_gop=0 weightp=2 keyint=250 keyint_min=25 scenecut=40 intra_refresh=0 rc_lookahead=40 rc=crf mbtree=1 crf=23.0 qcomp=0.60 qpmin=0 qpmax=69 qpstep=4 ip_ratio=1.40 aq=1:1.00
Output #0, mp4, to 'reference-review/rail-pass-2026-10-03/left-mobile.mp4':
  Metadata:
    encoder         : Lavf63.1.101
  Stream #0:0(eng): Video: h264 (avc1 / 0x31637661), yuv420p(tv, bt470bg/unknown/unknown, progressive), 390x844 [SAR 1:1 DAR 195:422], q=2-31, 25 fps, 12800 tbn (default)
    Metadata:
      encoder         : Lavc63.1.101 libx264
      DURATION        : 00:01:40.320000000
    Side data:
      CPB properties: bitrate max/min/avg: 0/0/0 buffer size: 0 vbv_delay: N/A
frame=  741 fps=0.0 q=28.0 size=    1280KiB time=00:00:29.56 bitrate= 354.7kbits/s speed=  58x elapsed=0:00:00.51    frame= 1683 fps=1659 q=28.0 size=    2304KiB time=00:01:07.24 bitrate= 280.7kbits/s speed=66.3x elapsed=0:00:01.01    [out#0/mp4 @ 0x759040240] video:2780KiB audio:0KiB subtitle:0KiB other streams:0KiB global headers:0KiB muxing overhead: 1.078452%
frame= 2508 fps=1798 q=-1.0 Lsize=    2810KiB time=00:01:40.24 bitrate= 229.6kbits/s speed=71.9x elapsed=0:00:01.39    
[libx264 @ 0x75903ca80] frame I:14    Avg QP:12.49  size: 46176
[libx264 @ 0x75903ca80] frame P:661   Avg QP:20.71  size:  2404
[libx264 @ 0x75903ca80] frame B:1833  Avg QP:29.81  size:   333
[libx264 @ 0x75903ca80] consecutive B-frames:  1.9%  1.2%  2.2% 94.7%
[libx264 @ 0x75903ca80] mb I  I16..4: 54.8% 16.7% 28.5%
[libx264 @ 0x75903ca80] mb P  I16..4:  2.3%  2.5%  0.3%  P16..4:  7.3%  0.9%  1.1%  0.0%  0.0%    skip:85.4%
[libx264 @ 0x75903ca80] mb B  I16..4:  0.1%  0.2%  0.0%  B16..8:  3.0%  0.3%  0.1%  direct: 1.2%  skip:95.0%  L0:40.4% L1:54.3% BI: 5.3%
[libx264 @ 0x75903ca80] 8x8 transform intra:42.3% inter:25.2%
[libx264 @ 0x75903ca80] coded y,uvDC,uvAC intra: 13.1% 20.6% 16.4% inter: 1.4% 2.7% 1.0%
[libx264 @ 0x75903ca80] i16 v,h,dc,p: 81% 15%  4%  0%
[libx264 @ 0x75903ca80] i8 v,h,dc,ddl,ddr,vr,hd,vl,hu: 11% 23% 63%  0%  0%  0%  0%  0%  1%
[libx264 @ 0x75903ca80] i4 v,h,dc,ddl,ddr,vr,hd,vl,hu: 25% 26% 18%  5%  5%  5%  6%  5%  6%
[libx264 @ 0x75903ca80] i8c dc,h,v,p: 72% 13% 13%  1%
[libx264 @ 0x75903ca80] Weighted P-Frames: Y:1.5% UV:1.1%
[libx264 @ 0x75903ca80] ref P L0: 73.6%  6.3% 15.3%  4.8%  0.0%
[libx264 @ 0x75903ca80] ref B L0: 85.5% 13.1%  1.5%
[libx264 @ 0x75903ca80] ref B L1: 90.2%  9.8%
[libx264 @ 0x75903ca80] kb/s:226.93
