{
  file: '/Users/sintaro.katuta/dev/silverball-chronicles/prototype/reference-review/rail-pass-2026-10-03/page@7e60a3c0f11e10c0021d278b88355b74.webm',
  errors: [],
  last: {
    view: 'board',
    intro: { active: false, phase: 'complete', elapsed: 3.8 },
    w: {
      model: 'e東京喰種W',
      rush: null,
      bonus: null,
      pendingV: false,
      electricOpen: false,
      payout: 17,
      holds: [Object],
      eventCount: 18
    },
    cabinet: {
      phase: 'normal',
      travel: 0,
      light: 0.06,
      rainbow: false,
      hue: 0,
      sword: [Object],
      fixedCarriers: true
    },
    session: {
      stock: 309,
      total: 17,
      phase: 'playing',
      accounting: [Object],
      jackpots: 0
    },
    spin: {
      entryPrelude: null,
      lifecycle: true,
      mode: 'normal',
      rush: null,
      lastRush: null,
      round: [Object],
      win: null,
      reach: null,
      time: 94.64166666668805,
      holds: 0,
      active: false,
      draws: 0,
      stopTimer: 0,
      reels: [Object],
      accepted: 0,
      entries: 0,
      events: []
    },
    lcd: { x: 82, y: 303, width: 259.5, height: 202 },
    gate: {
      kind: 'fuzu-inlet',
      count: 7,
      lastPass: 65.58095238089604,
      lit: false
    },
    leftRoutes: {
      roadContact: 11,
      nearHeso: 4,
      admitted: 0,
      nearAdmitted: 0,
      deflectedAtHeso: 2,
      nearMiss: 2,
      earlySpill: 7,
      pending: 0,
      nearPending: 0,
      nearMissOutcomes: [Object],
      outcomes: [Object],
      tracked: 108,
      byPower: [Object]
    },
    time: 94.64166666668805,
    paused: false,
    mode: 'normal',
    counts: {
      fuzu: 7,
      normal: 2,
      start: 0,
      rush: 0,
      bonus: 0,
      out: 99,
      returned: 0
    },
    spawned: 108,
    pockets: [
      [Object], [Object],
      [Object], [Object],
      [Object], [Object],
      [Object]
    ],
    guide: {
      a: [Object],
      b: [Object],
      r: 0.65,
      active: true,
      denchuShelf: false,
      material: 'resin',
      role: 'right-inner-lower',
      restitution: 0.04
    },
    attacker: { progress: 0, target: 0, moving: false },
    tulip: { progress: 0, target: 0, moving: false },
    routeBalls: [],
    inFlight: 0
  }
}
