ffmpeg version 9.0.1 Copyright (c) 2000-2026 the FFmpeg developers
  built with Apple clang version 21.0.0 (clang-2100.1.1.101)
  configuration: --prefix=/opt/homebrew/Cellar/ffmpeg/9.0.1_1 --enable-shared --enable-pthreads --enable-version3 --cc=clang --host-cflags= --host-ldflags= --enable-ffplay --enable-gpl --enable-libsvtav1 --enable-libopus --enable-libx264 --enable-libmp3lame --enable-libdav1d --enable-libvmaf --enable-libvpx --enable-libx265 --enable-openssl --enable-videotoolbox --enable-audiotoolbox --enable-neon
  libavutil      61.  1.101 / 61.  1.101
  libavcodec     63.  1.101 / 63.  1.101
  libavformat    63.  1.101 / 63.  1.101
  libavdevice    63.  1.101 / 63.  1.101
  libavfilter    12.  1.101 / 12.  1.101
  libswscale     10.  1.101 / 10.  1.101
  libswresample   7.  1.101 /  7.  1.101
Input #0, matroska,webm, from '/Users/sintaro.katuta/dev/silverball-chronicles/prototype/reference-review/rail-pass-2026-10-03/page@cb9eea8cf0218df6e4c1b8190fb6c713.webm':
  Metadata:
    creation_time   : 2026-10-03T02:24:48.289000Z
    ENCODER         : Lavf61.1.100
  Duration: 00:02:54.48, start: 0.000000, bitrate: 389 kb/s
  Stream #0:0(eng): Video: vp8, yuv420p(progressive), 390x844, SAR 1:1 DAR 195:422, 25 fps, 25 tbr, 1k tbn (default)
    Metadata:
      ENCODER         : Lavc61.3.100 libvpx
      DURATION        : 00:02:54.480000000
Stream mapping:
  Stream #0:0 -> #0:0 (vp8 (native) -> h264 (libx264))
Press [q] to stop, [?] for help
[libx264 @ 0x8d501ca80] using SAR=1/1
[libx264 @ 0x8d501ca80] using cpu capabilities: ARMv8 NEON DotProd I8MM
[libx264 @ 0x8d501ca80] profile High, level 3.0, 4:2:0, 8-bit
[libx264 @ 0x8d501ca80] 264 - core 165 r3222 b35605a - H.264/MPEG-4 AVC codec - Copyleft 2003-2025 - http://www.videolan.org/x264.html - options: cabac=1 ref=3 deblock=1:0:0 analyse=0x3:0x113 me=hex subme=7 psy=1 psy_rd=1.00:0.00 mixed_ref=1 me_range=16 chroma_me=1 trellis=1 8x8dct=1 cqm=0 deadzone=21,11 fast_pskip=1 chroma_qp_offset=-2 threads=15 lookahead_threads=2 sliced_threads=0 nr=0 decimate=1 interlaced=0 bluray_compat=0 constrained_intra=0 bframes=3 b_pyramid=2 b_adapt=1 b_bias=0 direct=1 weightb=1 open_gop=0 weightp=2 keyint=250 keyint_min=25 scenecut=40 intra_refresh=0 rc_lookahead=40 rc=crf mbtree=1 crf=23.0 qcomp=0.60 qpmin=0 qpmax=69 qpstep=4 ip_ratio=1.40 aq=1:1.00
Output #0, mp4, to 'reference-review/rail-pass-2026-10-03/rush-mobile.mp4':
  Metadata:
    encoder         : Lavf63.1.101
  Stream #0:0(eng): Video: h264 (avc1 / 0x31637661), yuv420p(tv, bt470bg/unknown/unknown, progressive), 390x844 [SAR 1:1 DAR 195:422], q=2-31, 25 fps, 12800 tbn (default)
    Metadata:
      encoder         : Lavc63.1.101 libx264
      DURATION        : 00:02:54.480000000
    Side data:
      CPB properties: bitrate max/min/avg: 0/0/0 buffer size: 0 vbv_delay: N/A
frame=  637 fps=0.0 q=28.0 size=    1536KiB time=00:00:25.40 bitrate= 495.4kbits/s speed=49.8x elapsed=0:00:00.50    frame= 1702 fps=1675 q=28.0 size=    2304KiB time=00:01:08.00 bitrate= 277.6kbits/s speed=66.9x elapsed=0:00:01.01    frame= 2720 fps=1785 q=28.0 size=    3072KiB time=00:01:48.72 bitrate= 231.5kbits/s speed=71.3x elapsed=0:00:01.52    frame= 3775 fps=1863 q=28.0 size=    3584KiB time=00:02:30.92 bitrate= 194.5kbits/s speed=74.5x elapsed=0:00:02.02    [out#0/mp4 @ 0x8d5020240] video:4118KiB audio:0KiB subtitle:0KiB other streams:0KiB global headers:0KiB muxing overhead: 1.253933%
frame= 4362 fps=1889 q=-1.0 Lsize=    4169KiB time=00:02:54.40 bitrate= 195.8kbits/s speed=75.5x elapsed=0:00:02.30    
[libx264 @ 0x8d501ca80] frame I:24    Avg QP:12.89  size: 42280
[libx264 @ 0x8d501ca80] frame P:1136  Avg QP:20.52  size:  2037
[libx264 @ 0x8d501ca80] frame B:3202  Avg QP:30.40  size:   277
[libx264 @ 0x8d501ca80] consecutive B-frames:  1.7%  0.8%  1.1% 96.4%
[libx264 @ 0x8d501ca80] mb I  I16..4: 54.5% 17.6% 28.0%
[libx264 @ 0x8d501ca80] mb P  I16..4:  1.2%  2.2%  0.4%  P16..4:  7.7%  0.8%  1.0%  0.0%  0.0%    skip:86.7%
[libx264 @ 0x8d501ca80] mb B  I16..4:  0.1%  0.2%  0.0%  B16..8:  3.2%  0.2%  0.1%  direct: 0.9%  skip:95.3%  L0:35.5% L1:60.9% BI: 3.5%
[libx264 @ 0x8d501ca80] 8x8 transform intra:46.4% inter:35.0%
[libx264 @ 0x8d501ca80] coded y,uvDC,uvAC intra: 17.5% 25.8% 21.1% inter: 1.3% 2.3% 0.8%
[libx264 @ 0x8d501ca80] i16 v,h,dc,p: 78% 17%  4%  0%
[libx264 @ 0x8d501ca80] i8 v,h,dc,ddl,ddr,vr,hd,vl,hu:  8% 26% 62%  1%  1%  0%  1%  0%  1%
[libx264 @ 0x8d501ca80] i4 v,h,dc,ddl,ddr,vr,hd,vl,hu: 26% 27% 18%  4%  4%  4%  6%  5%  6%
[libx264 @ 0x8d501ca80] i8c dc,h,v,p: 68% 15% 15%  2%
[libx264 @ 0x8d501ca80] Weighted P-Frames: Y:1.2% UV:1.1%
[libx264 @ 0x8d501ca80] ref P L0: 70.0%  9.0% 15.1%  5.8%  0.0%
[libx264 @ 0x8d501ca80] ref B L0: 83.6% 14.7%  1.7%
[libx264 @ 0x8d501ca80] ref B L1: 89.0% 11.0%
[libx264 @ 0x8d501ca80] kb/s:193.30
